nohup: ignoring input
/maduo/miniconda3/envs/wesep_py310_cu126/lib/python3.10/site-packages/kaldiio/__init__.py:2: UserWarning: pkg_resources is deprecated as an API. See https://setuptools.pypa.io/en/latest/pkg_resources.html. The pkg_resources package is slated for removal as early as 2025-11-30. Refrain from using this package or pin to Setuptools<81.
  import pkg_resources
2026-05-12 15:14:53 - INFO - CLI overrides on model YAML model_args.tse_model: visual.features: muse_visual.enabled=True blaze_visual.enabled=False; separator.causal=False
2026-05-12 15:14:53 - INFO - Online mix flags: deterministic=True force_two_speaker=True clean_dry=True noise_prob=0.0 reverb_prob=0.0 snr_range=[0.0, 0.0] gain_range=[0.0, 0.0] dist=[0.0, 1.0, 0.0]
2026-05-12 15:16:03 - INFO - [online_multi_dataset] VoxCeleb2-style scan: 5994 speakers, 1091725 clips
2026-05-12 15:16:03 - INFO - [online_multi_dataset] LRS3: lrs3_root ends with subset 'trainval' — scanning /F00120240032/lrs3/trainval directly (avoid .../trainval/trainval)
2026-05-12 15:16:06 - INFO - [online_multi_dataset] LRS3: subsets=('trainval',) -> 4004 speakers, 31982 clips (/F00120240032/lrs3/trainval)
2026-05-12 15:16:06 - INFO - [online_multi_dataset] merged train inventory: 8999 speakers, 1012362 clips
2026-05-12 15:16:06 - INFO - [online_multi_dataset] merged val inventory: 999 speakers, 111345 clips
2026-05-12 15:16:06 - INFO - tse_model: TSE_BSRNN_VISUAL, params: 34.00M
2026-05-12 15:16:06 - INFO - train: OnlineMixIterableDataset multi-source use_voxceleb2=True use_lrs3=True use_chinese_lips=False mp4_dir_of_voxceleb2='/F00120240032/voxceleb2_zk_mixture/mp4/train' lrs3_root='/F00120240032/lrs3/trainval' chinese_lips_root='/F00120240032/Chinese_lips' train_speaker_fraction=0.9 train_speakers=8999 val_speakers=999 skip_visual_decode=False visual_resize=224 visual_spatial_size=(224, 224) visual_max_frames=75
2026-05-12 15:16:06 - INFO - Note: collate expands along speakers, so effective rows per micro-batch ≈ sum of num_speaker per mixture; 3–4-speaker mixes use more VRAM than offline with the same per_device_train_batch_size. Use --visual_max_frames, --visual_resize (multi-corpus), --num_speakers_distribution / --num_speakers_max, or --bf16 to reduce memory.
2026-05-12 15:16:06 - INFO - online val: train_mixtures/epoch=60000 val_mixtures/epoch=15000 (default ratio 20k:5k unless overridden)
2026-05-12 15:16:06 - INFO - loss: SISDR_MRSTFT
2026-05-12 15:16:06 - INFO - epoch_iter: 6666, val_iter: 1666, num_train_epochs: 200000.0
2026-05-12 15:16:06 - INFO - world_size: 1, batch_size/gpu: 9
2026-05-12 15:16:06 - INFO - DataLoader num_workers=0 (no worker /dev/shm traffic; matches TSETrainingArguments --dataloader_num_workers).
Warning: The following arguments do not match the ones in the `trainer_state.json` within the checkpoint directory: 
	per_device_train_batch_size: 9 (from args) != 3 (from trainer_state.json)
2026-05-12 15:16:09 - INFO - EMA: initialized shadow weights (decay=0.9990, 674 float tensors).
  0%|          | 0/200000 [00:00<?, ?it/s]