nohup: ignoring input
/maduo/miniconda3/envs/wesep_py310_cu126/lib/python3.10/site-packages/kaldiio/__init__.py:2: UserWarning: pkg_resources is deprecated as an API. See https://setuptools.pypa.io/en/latest/pkg_resources.html. The pkg_resources package is slated for removal as early as 2025-11-30. Refrain from using this package or pin to Setuptools<81.
  import pkg_resources
2026-05-13 10:54:13 - INFO - CLI overrides on model YAML model_args.tse_model: visual.features: muse_visual.enabled=True blaze_visual.enabled=False; separator.causal=False
2026-05-13 10:54:13 - INFO - Online mix flags: deterministic=False force_two_speaker=False clean_dry=False noise_prob=0.3 reverb_prob=0.0 snr_range=[-5.0, 10.0] gain_range=[-12.0, 0.0] dist=[0.1, 0.75, 0.15]
2026-05-13 10:55:27 - INFO - [online_multi_dataset] VoxCeleb2-style scan: 5994 speakers, 1091725 clips
2026-05-13 10:55:27 - INFO - [online_multi_dataset] LRS3: lrs3_root ends with subset 'trainval' — scanning /F00120240032/lrs3/trainval directly (avoid .../trainval/trainval)
2026-05-13 10:55:29 - INFO - [online_multi_dataset] LRS3: subsets=('trainval',) -> 4004 speakers, 31982 clips (/F00120240032/lrs3/trainval)
2026-05-13 10:55:30 - INFO - [online_multi_dataset] Chinese_lips: splits=('train',) -> 175 speakers, 30341 clips (/F00120240032/Chinese_lips)
2026-05-13 10:55:30 - INFO - [online_multi_dataset] Chinese_lips: splits=('val',) -> 11 speakers, 1959 clips (/F00120240032/Chinese_lips)
2026-05-13 10:55:30 - INFO - [online_multi_dataset] merged train inventory: 8173 speakers, 932743 clips
2026-05-13 10:55:30 - INFO - [online_multi_dataset] merged val inventory: 2011 speakers, 223264 clips
2026-05-13 10:55:30 - INFO - tse_model: TSE_BSRNN_VISUAL, params: 34.00M
2026-05-13 10:55:30 - INFO - train: OnlineMixIterableDataset multi-source use_voxceleb2=True use_lrs3=True use_chinese_lips=True mp4_dir_of_voxceleb2='/F00120240032/voxceleb2_zk_mixture/mp4/train' lrs3_root='/F00120240032/lrs3/trainval' chinese_lips_root='/F00120240032/Chinese_lips' train_speaker_fraction=0.8 train_speakers=8173 val_speakers=2011 skip_visual_decode=False visual_resize=224 visual_spatial_size=(224, 224) visual_max_frames=75
2026-05-13 10:55:30 - INFO - Note: collate expands along speakers, so effective rows per micro-batch ≈ sum of num_speaker per mixture; 3–4-speaker mixes use more VRAM than offline with the same per_device_train_batch_size. Use --visual_max_frames, --visual_resize (multi-corpus), --num_speakers_distribution / --num_speakers_max, or --bf16 to reduce memory.
2026-05-13 10:55:30 - INFO - online val: train_mixtures/epoch=60000 val_mixtures/epoch=15000 (default ratio 20k:5k unless overridden)
2026-05-13 10:55:30 - INFO - loss: SISDR_MRSTFT
2026-05-13 10:55:30 - INFO - epoch_iter: 20000, val_iter: 5000, num_train_epochs: 200000.0
2026-05-13 10:55:30 - INFO - world_size: 1, batch_size/gpu: 3
2026-05-13 10:55:30 - INFO - DataLoader num_workers=2 prefetch_factor=1 persistent_workers=True worker_start_method='spawn' visual_torchcodec_cuda=True (spawn avoids fork-after-CUDA in workers; tensors still use /dev/shm — RuntimeError shm → workers 0 or larger --shm-size)
2026-05-13 10:55:30 - INFO - Note: spawn workers each perform a fresh Python import + CUDA/TorchCodec init — first training step after start can lag at 0%% tqdm for tens of minutes. For quicker cold start vs spawn, prefer --visual_decode_cuda false (fork workers decode on CPU).
2026-05-13 10:55:33 - INFO - EMA: initialized shadow weights (decay=0.9990, 674 float tensors).
  0%|          | 0/200000 [00:00<?, ?it/s]/maduo/miniconda3/envs/wesep_py310_cu126/lib/python3.10/site-packages/kaldiio/__init__.py:2: UserWarning: pkg_resources is deprecated as an API. See https://setuptools.pypa.io/en/latest/pkg_resources.html. The pkg_resources package is slated for removal as early as 2025-11-30. Refrain from using this package or pin to Setuptools<81.
  import pkg_resources
/maduo/miniconda3/envs/wesep_py310_cu126/lib/python3.10/site-packages/kaldiio/__init__.py:2: UserWarning: pkg_resources is deprecated as an API. See https://setuptools.pypa.io/en/latest/pkg_resources.html. The pkg_resources package is slated for removal as early as 2025-11-30. Refrain from using this package or pin to Setuptools<81.
  import pkg_resources
2026-05-13 10:56:04 - INFO - First train batch (collated) shapes:
  key: <len 10>
  num_speaker: <len 10>
  spk: <len 10>
  visual_aux: (10, 224, 224, 3, 75)
  wav_mix: (10, 1, 48000)
  wav_target: (10, 1, 48000)
2026-05-13 10:56:04 - INFO - First train batch — DataLoader mixtures/step (per_device_train_batch_size)=3; per-mix num_speaker=[4, 2, 4] (len=3); after tse_collate_fn speaker-axis expand, model batch dim B_eff=sum(num_speaker)=10 (= mix/target leading dim).
2026-05-13 10:56:04 - INFO - First train batch → model forward: mix.shape=(10, 1, 48000) cues.shapes=[(10, 224, 224, 3, 75)] target.shape=(10, 1, 48000)
Fatal Python error: Segmentation fault

Thread 0x00007fd69abfd640 (most recent call first):
  File "/maduo/miniconda3/envs/wesep_py310_cu126/lib/python3.10/threading.py", line 320 in wait
  File "/maduo/miniconda3/envs/wesep_py310_cu126/lib/python3.10/multiprocessing/queues.py", line 231 in _feed
  File "/maduo/miniconda3/envs/wesep_py310_cu126/lib/python3.10/threading.py", line 953 in run
  File "/maduo/miniconda3/envs/wesep_py310_cu126/lib/python3.10/threading.py", line 1016 in _bootstrap_inner
  File "/maduo/miniconda3/envs/wesep_py310_cu126/lib/python3.10/threading.py", line 973 in _bootstrap

Thread 0x00007fd69b3fe640 (most recent call first):
  File "/maduo/miniconda3/envs/wesep_py310_cu126/lib/python3.10/threading.py", line 320 in wait
  File "/maduo/miniconda3/envs/wesep_py310_cu126/lib/python3.10/multiprocessing/queues.py", line 231 in _feed
  File "/maduo/miniconda3/envs/wesep_py310_cu126/lib/python3.10/threading.py", line 953 in run
  File "/maduo/miniconda3/envs/wesep_py310_cu126/lib/python3.10/threading.py", line 1016 in _bootstrap_inner
  File "/maduo/miniconda3/envs/wesep_py310_cu126/lib/python3.10/threading.py", line 973 in _bootstrap

Current thread 0x00007fd69bbff640 (most recent call first):
  File "/maduo/miniconda3/envs/wesep_py310_cu126/lib/python3.10/site-packages/torch/utils/data/_utils/pin_memory.py", line 39 in do_one_step
  File "/maduo/miniconda3/envs/wesep_py310_cu126/lib/python3.10/site-packages/torch/utils/data/_utils/pin_memory.py", line 52 in _pin_memory_loop
  File "/maduo/miniconda3/envs/wesep_py310_cu126/lib/python3.10/threading.py", line 953 in run
  File "/maduo/miniconda3/envs/wesep_py310_cu126/lib/python3.10/threading.py", line 1016 in _bootstrap_inner
  File "/maduo/miniconda3/envs/wesep_py310_cu126/lib/python3.10/threading.py", line 973 in _bootstrap

Thread 0x00007fd6b651a640 (most recent call first):
  File "/maduo/miniconda3/envs/wesep_py310_cu126/lib/python3.10/threading.py", line 324 in wait
  File "/maduo/miniconda3/envs/wesep_py310_cu126/lib/python3.10/threading.py", line 607 in wait
  File "/maduo/miniconda3/envs/wesep_py310_cu126/lib/python3.10/site-packages/tqdm/_monitor.py", line 60 in run
  File "/maduo/miniconda3/envs/wesep_py310_cu126/lib/python3.10/threading.py", line 1016 in _bootstrap_inner
  File "/maduo/miniconda3/envs/wesep_py310_cu126/lib/python3.10/threading.py", line 973 in _bootstrap

Thread 0x00007fd6b6d1b640 (most recent call first):
  File "/maduo/miniconda3/envs/wesep_py310_cu126/lib/python3.10/threading.py", line 320 in wait
  File "/maduo/miniconda3/envs/wesep_py310_cu126/lib/python3.10/multiprocessing/queues.py", line 231 in _feed
  File "/maduo/miniconda3/envs/wesep_py310_cu126/lib/python3.10/threading.py", line 953 in run
  File "/maduo/miniconda3/envs/wesep_py310_cu126/lib/python3.10/threading.py", line 1016 in _bootstrap_inner
  File "/maduo/miniconda3/envs/wesep_py310_cu126/lib/python3.10/threading.py", line 973 in _bootstrap

Thread 0x00007fd6b751c640 (most recent call first):
  File "/maduo/miniconda3/envs/wesep_py310_cu126/lib/python3.10/selectors.py", line 416 in select
  File "/maduo/miniconda3/envs/wesep_py310_cu126/lib/python3.10/multiprocessing/connection.py", line 931 in wait
  File "/maduo/miniconda3/envs/wesep_py310_cu126/lib/python3.10/multiprocessing/connection.py", line 424 in _poll
  File "/maduo/miniconda3/envs/wesep_py310_cu126/lib/python3.10/multiprocessing/connection.py", line 257 in poll
  File "/maduo/miniconda3/envs/wesep_py310_cu126/lib/python3.10/multiprocessing/queues.py", line 113 in get
  File "/maduo/miniconda3/envs/wesep_py310_cu126/lib/python3.10/site-packages/tensorboardX/event_file_writer.py", line 199 in run
  File "/maduo/miniconda3/envs/wesep_py310_cu126/lib/python3.10/threading.py", line 1016 in _bootstrap_inner
  File "/maduo/miniconda3/envs/wesep_py310_cu126/lib/python3.10/threading.py", line 973 in _bootstrap

Thread 0x00007fd906b03740 (most recent call first):
  File "/maduo/miniconda3/envs/wesep_py310_cu126/lib/python3.10/site-packages/torch/distributed/distributed_c10d.py", line 4125 in all_gather_into_tensor
  File "/maduo/miniconda3/envs/wesep_py310_cu126/lib/python3.10/site-packages/torch/distributed/c10d_logger.py", line 83 in wrapper
  File "/maduo/miniconda3/envs/wesep_py310_cu126/lib/python3.10/site-packages/accelerate/utils/operations.py", line 342 in _gpu_gather_one
  File "/maduo/miniconda3/envs/wesep_py310_cu126/lib/python3.10/site-packages/accelerate/utils/operations.py", line 127 in recursively_apply
  File "/maduo/miniconda3/envs/wesep_py310_cu126/lib/python3.10/site-packages/accelerate/utils/operations.py", line 352 in _gpu_gather
  File "/maduo/miniconda3/envs/wesep_py310_cu126/lib/python3.10/site-packages/accelerate/utils/operations.py", line 433 in gather
  File "/maduo/miniconda3/envs/wesep_py310_cu126/lib/python3.10/site-packages/accelerate/utils/operations.py", line 372 in wrapper
  File "/maduo/miniconda3/envs/wesep_py310_cu126/lib/python3.10/site-packages/accelerate/accelerator.py", line 3054 in gather
  File "/maduo/miniconda3/envs/wesep_py310_cu126/lib/python3.10/site-packages/accelerate/accelerator.py", line 3098 in gather_for_metrics
  File "/maduo/codebase/wesep_wenet/examples/visual/voxceleb2mix/wesep/bin/train_with_transformers_multi_data_online.py", line 663 in compute_loss
  File "/maduo/miniconda3/envs/wesep_py310_cu126/lib/python3.10/site-packages/transformers/trainer.py", line 1906 in training_step
  File "/maduo/miniconda3/envs/wesep_py310_cu126/lib/python3.10/site-packages/transformers/trainer.py", line 1734 in _run_epoch
  File "/maduo/miniconda3/envs/wesep_py310_cu126/lib/python3.10/site-packages/transformers/trainer.py", line 1506 in _inner_training_loop
  File "/maduo/miniconda3/envs/wesep_py310_cu126/lib/python3.10/site-packages/transformers/trainer.py", line 1424 in train
  File "/maduo/codebase/wesep_wenet/examples/visual/voxceleb2mix/wesep/bin/train_with_transformers_multi_data_online.py", line 1981 in train
  File "/maduo/codebase/wesep_wenet/examples/visual/voxceleb2mix/wesep/bin/train_with_transformers_multi_data_online.py", line 1988 in main
  File "/maduo/codebase/wesep_wenet/examples/visual/voxceleb2mix/wesep/bin/train_with_transformers_multi_data_online.py", line 1992 in <module>

Extension modules: numpy.core._multiarray_umath, numpy.core._multiarray_tests, numpy.linalg._umath_linalg, numpy.fft._pocketfft_internal, numpy.random._common, numpy.random.bit_generator, numpy.random._bounded_integers, numpy.random._mt19937, numpy.random.mtrand, numpy.random._philox, numpy.random._pcg64, numpy.random._sfc64, numpy.random._generator, torch._C, torch._C._dynamo.autograd_compiler, torch._C._dynamo.eval_frame, torch._C._dynamo.guards, torch._C._dynamo.utils, torch._C._fft, torch._C._linalg, torch._C._nested, torch._C._nn, torch._C._sparse, torch._C._special, matplotlib._c_internal_utils, PIL._imaging, matplotlib._path, kiwisolver._cext, matplotlib._image, yaml._yaml, _cffi_backend, scipy._lib._ccallback_c, scipy.signal._sigtools, scipy.linalg._fblas, scipy.linalg._flapack, scipy.linalg.cython_lapack, scipy.linalg._cythonized_array_utils, scipy.linalg._solve_toeplitz, scipy.linalg._decomp_lu_cython, scipy.linalg._matfuncs_sqrtm_triu, scipy.linalg._matfuncs_expm, scipy.linalg._linalg_pythran, scipy.linalg.cython_blas, scipy.linalg._decomp_update, scipy.sparse._sparsetools, _csparsetools, scipy.sparse._csparsetools, scipy.sparse.linalg._dsolve._superlu, scipy.sparse.linalg._eigen.arpack._arpack, scipy.sparse.linalg._propack._spropack, scipy.sparse.linalg._propack._dpropack, scipy.sparse.linalg._propack._cpropack, scipy.sparse.linalg._propack._zpropack, scipy.sparse.csgraph._tools, scipy.sparse.csgraph._shortest_path, scipy.sparse.csgraph._traversal, scipy.sparse.csgraph._min_spanning_tree, scipy.sparse.csgraph._flow, scipy.sparse.csgraph._matching, scipy.sparse.csgraph._reordering, scipy.special._ufuncs_cxx, scipy.special._ufuncs, scipy.special._specfun, scipy.special._comb, scipy.special._ellip_harm_2, scipy._lib._uarray._uarray, scipy.signal._max_len_seq_inner, scipy.signal._upfirdn_apply, scipy.signal._spline, scipy.spatial._ckdtree, scipy._lib.messagestream, scipy.spatial._qhull, scipy.spatial._voronoi, scipy.spatial._distance_wrap, scipy.spatial._hausdorff, scipy.spatial.transform._rotation, scipy.interpolate._fitpack, scipy.interpolate._dfitpack, scipy.optimize._group_columns, scipy.optimize._trlib._trlib, scipy.optimize._lbfgsb, _moduleTNC, scipy.optimize._moduleTNC, scipy.optimize._cobyla, scipy.optimize._slsqp, scipy.optimize._minpack, scipy.optimize._lsq.givens_elimination, scipy.optimize._zeros, scipy.optimize._cython_nnls, scipy.linalg._decomp_interpolative, scipy.optimize._bglu_dense, scipy.optimize._lsap, scipy.optimize._direct, scipy.interpolate._dierckx, scipy.interpolate._ppoly, scipy.interpolate._interpnd, scipy.interpolate._rbfinterp_pythran, scipy.interpolate._rgi_cython, scipy.interpolate._bspl, scipy.ndimage._nd_image, scipy.ndimage._rank_filter_1d, _ni_label, scipy.ndimage._ni_label, scipy.signal._sosfilt, scipy.integrate._odepack, scipy.integrate._quadpack, scipy.integrate._vode, scipy.integrate._dop, scipy.integrate._lsoda, scipy.special.cython_special, scipy.stats._stats, scipy.stats._sobol, scipy.stats._qmc_cy, scipy.stats._biasedurn, scipy.stats._stats_pythran, scipy.stats._levy_stable.levyst, scipy.stats._ansari_swilk_statistics, scipy.stats._mvn, scipy.stats._rcont.rcont, scipy.signal._peak_finding_utils, lmdb.cpython, regex._regex, markupsafe._speedups, PIL._imagingft, cypesq, pesq.cypesq, sklearn.__check_build._check_build, psutil._psutil_linux, _cyutility, sklearn._cyutility, sklearn.utils._isfinite, sklearn.utils.sparsefuncs_fast, sklearn.utils.murmurhash, sklearn.utils._openmp_helpers, sklearn.metrics.cluster._expected_mutual_info_fast, sklearn.preprocessing._csr_polynomial_expansion, sklearn.preprocessing._target_encoder_fast, sklearn.metrics._dist_metrics, sklearn.metrics._pairwise_distances_reduction._datasets_pair, sklearn.utils._cython_blas, sklearn.metrics._pairwise_distances_reduction._base, sklearn.metrics._pairwise_distances_reduction._middle_term_computer, sklearn.utils._heap, sklearn.utils._sorting, sklearn.metrics._pairwise_distances_reduction._argkmin, sklearn.metrics._pairwise_distances_reduction._argkmin_classmode, sklearn.utils._vector_sentinel, sklearn.metrics._pairwise_distances_reduction._radius_neighbors, sklearn.metrics._pairwise_distances_reduction._radius_neighbors_classmode, sklearn.metrics._pairwise_fast, google._upb._message (total: 151)
E0513 10:56:10.529000 198540 site-packages/torch/distributed/elastic/multiprocessing/api.py:984] failed (exitcode: -11) local_rank: 0 (pid: 198571) of binary: /maduo/miniconda3/envs/wesep_py310_cu126/bin/python3.10
Traceback (most recent call last):
  File "/maduo/miniconda3/envs/wesep_py310_cu126/bin/torchrun", line 6, in <module>
    sys.exit(main())
  File "/maduo/miniconda3/envs/wesep_py310_cu126/lib/python3.10/site-packages/torch/distributed/elastic/multiprocessing/errors/__init__.py", line 362, in wrapper
    return f(*args, **kwargs)
  File "/maduo/miniconda3/envs/wesep_py310_cu126/lib/python3.10/site-packages/torch/distributed/run.py", line 991, in main
    run(args)
  File "/maduo/miniconda3/envs/wesep_py310_cu126/lib/python3.10/site-packages/torch/distributed/run.py", line 982, in run
    elastic_launch(
  File "/maduo/miniconda3/envs/wesep_py310_cu126/lib/python3.10/site-packages/torch/distributed/launcher/api.py", line 170, in __call__
    return launch_agent(self._config, self._entrypoint, list(args))
  File "/maduo/miniconda3/envs/wesep_py310_cu126/lib/python3.10/site-packages/torch/distributed/launcher/api.py", line 317, in launch_agent
    raise ChildFailedError(
torch.distributed.elastic.multiprocessing.errors.ChildFailedError: 
============================================================
wesep/bin/train_with_transformers_multi_data_online.py FAILED
------------------------------------------------------------
Failures:
  <NO_OTHER_FAILURES>
------------------------------------------------------------
Root Cause (first observed failure):
[0]:
  time      : 2026-05-13_10:56:10
  host      : dfs2o8tn7k6bb-0
  rank      : 0 (local_rank: 0)
  exitcode  : -11 (pid: 198571)
  error_file: <N/A>
  traceback : Signal 11 (SIGSEGV) received by PID 198571
============================================================
/maduo/miniconda3/envs/wesep_py310_cu126/lib/python3.10/multiprocessing/resource_tracker.py:224: UserWarning: resource_tracker: There appear to be 14 leaked semaphore objects to clean up at shutdown
  warnings.warn('resource_tracker: There appear to be %d '
