nohup: ignoring input
Start training ...
/maduo/miniconda3/envs/wesep_py310_cu126/lib/python3.10/site-packages/kaldiio/__init__.py:2: UserWarning: pkg_resources is deprecated as an API. See https://setuptools.pypa.io/en/latest/pkg_resources.html. The pkg_resources package is slated for removal as early as 2025-11-30. Refrain from using this package or pin to Setuptools<81.
  import pkg_resources
------------------- 0 1
[ INFO : 2026-05-09 10:29:15,593 ] - exp_dir is: /maduo/exp/wesep_wenet/TSE_BSRNN_VIS
[ INFO : 2026-05-09 10:29:15,594 ] - <== Passed Arguments ==>
[ INFO : 2026-05-09 10:29:15,595 ] - {'clip_grad': 5.0,
[ INFO : 2026-05-09 10:29:15,595 ] -  'config': 'confs/tse_bsrnn_visual_sribd.yaml',
[ INFO : 2026-05-09 10:29:15,595 ] -  'data_type': 'raw',
[ INFO : 2026-05-09 10:29:15,595 ] -  'dataloader_args': {'batch_size': 4,
[ INFO : 2026-05-09 10:29:15,595 ] -                      'drop_last': True,
[ INFO : 2026-05-09 10:29:15,598 ] -                      'num_workers': 2,
[ INFO : 2026-05-09 10:29:15,598 ] -                      'pin_memory': True,
[ INFO : 2026-05-09 10:29:15,598 ] -                      'prefetch_factor': 2},
[ INFO : 2026-05-09 10:29:15,598 ] -  'dataset_args': {'chunk_len': 48000,
[ INFO : 2026-05-09 10:29:15,598 ] -                   'cue_processing': {'visual': None},
[ INFO : 2026-05-09 10:29:15,600 ] -                   'cues': {'visual': {'required': True, 'use': True}},
[ INFO : 2026-05-09 10:29:15,600 ] -                   'noise_lmdb_file': './data/musan/lmdb',
[ INFO : 2026-05-09 10:29:15,600 ] -                   'noise_prob': 0,
[ INFO : 2026-05-09 10:29:15,600 ] -                   'resample_rate': 16000,
[ INFO : 2026-05-09 10:29:15,600 ] -                   'sample_num_per_epoch': 0,
[ INFO : 2026-05-09 10:29:15,600 ] -                   'shuffle': True,
[ INFO : 2026-05-09 10:29:15,600 ] -                   'shuffle_args': {'shuffle_size': 2500}},
[ INFO : 2026-05-09 10:29:15,600 ] -  'enable_amp': False,
[ INFO : 2026-05-09 10:29:15,600 ] -  'exp_dir': '/maduo/exp/wesep_wenet/TSE_BSRNN_VIS',
[ INFO : 2026-05-09 10:29:15,600 ] -  'gpus': [0],
[ INFO : 2026-05-09 10:29:15,600 ] -  'log_batch_interval': 100,
[ INFO : 2026-05-09 10:29:15,600 ] -  'loss': 'SISDR',
[ INFO : 2026-05-09 10:29:15,600 ] -  'loss_args': {},
[ INFO : 2026-05-09 10:29:15,600 ] -  'model': {'tse_model': 'TSE_BSRNN_VISUAL'},
[ INFO : 2026-05-09 10:29:15,600 ] -  'model_args': {'tse_model': {'separator': {'causal': False,
[ INFO : 2026-05-09 10:29:15,600 ] -                                             'feature_dim': 128,
[ INFO : 2026-05-09 10:29:15,600 ] -                                             'nspk': 1,
[ INFO : 2026-05-09 10:29:15,600 ] -                                             'num_repeat': 6,
[ INFO : 2026-05-09 10:29:15,600 ] -                                             'sr': 16000,
[ INFO : 2026-05-09 10:29:15,600 ] -                                             'stride': 128,
[ INFO : 2026-05-09 10:29:15,600 ] -                                             'win': 512},
[ INFO : 2026-05-09 10:29:15,600 ] -                               'visual': {'features': {'muse_visual': {'enabled': True,
[ INFO : 2026-05-09 10:29:15,600 ] -                                                                       'fusion': 'concat',
[ INFO : 2026-05-09 10:29:15,601 ] -                                                                       'mix_dim': 128,
[ INFO : 2026-05-09 10:29:15,601 ] -                                                                       'upsample': True,
[ INFO : 2026-05-09 10:29:15,601 ] -                                                                       'vf_pretrained': '/maduo/codebase/wesep_wenet/examples/visual/voxceleb2mix/confs/visual_frontend.pt',
[ INFO : 2026-05-09 10:29:15,601 ] -                                                                       'vtcn_channels': 512,
[ INFO : 2026-05-09 10:29:15,601 ] -                                                                       'vtcn_layers': 5}}}}},
[ INFO : 2026-05-09 10:29:15,601 ] -  'model_init': {'discriminator': None, 'spk_model': None, 'tse_model': None},
[ INFO : 2026-05-09 10:29:15,601 ] -  'num_avg': True,
[ INFO : 2026-05-09 10:29:15,601 ] -  'num_epochs': 150,
[ INFO : 2026-05-09 10:29:15,601 ] -  'optimizer': {'tse_model': 'Adam'},
[ INFO : 2026-05-09 10:29:15,601 ] -  'optimizer_args': {'tse_model': {'lr': 0.001, 'weight_decay': 0.0001}},
[ INFO : 2026-05-09 10:29:15,601 ] -  'save_epoch_interval': 1,
[ INFO : 2026-05-09 10:29:15,601 ] -  'scheduler': {'tse_model': 'ExponentialDecrease'},
[ INFO : 2026-05-09 10:29:15,601 ] -  'scheduler_args': {'tse_model': {'final_lr': 2.5e-05,
[ INFO : 2026-05-09 10:29:15,601 ] -                                   'initial_lr': 0.001,
[ INFO : 2026-05-09 10:29:15,601 ] -                                   'warm_from_zero': False,
[ INFO : 2026-05-09 10:29:15,601 ] -                                   'warm_up_epoch': 0}},
[ INFO : 2026-05-09 10:29:15,601 ] -  'seed': 42,
[ INFO : 2026-05-09 10:29:15,601 ] -  'train_cues': '/maduo/exp/wesep_wenet/datasets/voxceleb2mix/data/clean/train/cues.yaml',
[ INFO : 2026-05-09 10:29:15,601 ] -  'train_data': '/maduo/exp/wesep_wenet/datasets/voxceleb2mix/data/clean/train/raw.list',
[ INFO : 2026-05-09 10:29:15,601 ] -  'train_samples': '/maduo/exp/wesep_wenet/datasets/voxceleb2mix/data/clean/train/samples.jsonl',
[ INFO : 2026-05-09 10:29:15,601 ] -  'val_cues': '/maduo/exp/wesep_wenet/datasets/voxceleb2mix/data/clean/val/cues.yaml',
[ INFO : 2026-05-09 10:29:15,601 ] -  'val_data': '/maduo/exp/wesep_wenet/datasets/voxceleb2mix/data/clean/val/raw.list',
[ INFO : 2026-05-09 10:29:15,601 ] -  'val_samples': '/maduo/exp/wesep_wenet/datasets/voxceleb2mix/data/clean/val/samples.jsonl'}
[ INFO : 2026-05-09 10:29:15,818 ] - <== Dataloaders ==>
[ INFO : 2026-05-09 10:29:15,819 ] - train dataloaders created
[ INFO : 2026-05-09 10:29:15,819 ] - epoch iteration number: 5000
[ INFO : 2026-05-09 10:29:15,819 ] - val iteration number: 1250
[ INFO : 2026-05-09 10:29:15,819 ] - <== Model ==>
[ INFO : 2026-05-09 10:29:16,162 ] - tse_model size: 34.00 M
[ INFO : 2026-05-09 10:29:16,164 ] - TSE_BSRNN_VISUAL(
[ INFO : 2026-05-09 10:29:16,164 ] -   (sep_model): BSRNN(
[ INFO : 2026-05-09 10:29:16,164 ] -     (stft): STFT()
[ INFO : 2026-05-09 10:29:16,164 ] -     (band_split): BandSplit()
[ INFO : 2026-05-09 10:29:16,165 ] -     (subband_norm): SubbandNorm(
[ INFO : 2026-05-09 10:29:16,165 ] -       (BN): ModuleList(
[ INFO : 2026-05-09 10:29:16,165 ] -         (0-14): 15 x Sequential(
[ INFO : 2026-05-09 10:29:16,165 ] -           (0): GroupNorm(1, 6, eps=1.1920928955078125e-07, affine=True)
[ INFO : 2026-05-09 10:29:16,165 ] -           (1): Conv1d(6, 128, kernel_size=(1,), stride=(1,))
[ INFO : 2026-05-09 10:29:16,165 ] -         )
[ INFO : 2026-05-09 10:29:16,165 ] -         (15-24): 10 x Sequential(
[ INFO : 2026-05-09 10:29:16,165 ] -           (0): GroupNorm(1, 12, eps=1.1920928955078125e-07, affine=True)
[ INFO : 2026-05-09 10:29:16,165 ] -           (1): Conv1d(12, 128, kernel_size=(1,), stride=(1,))
[ INFO : 2026-05-09 10:29:16,165 ] -         )
[ INFO : 2026-05-09 10:29:16,165 ] -         (25-29): 5 x Sequential(
[ INFO : 2026-05-09 10:29:16,165 ] -           (0): GroupNorm(1, 32, eps=1.1920928955078125e-07, affine=True)
[ INFO : 2026-05-09 10:29:16,165 ] -           (1): Conv1d(32, 128, kernel_size=(1,), stride=(1,))
[ INFO : 2026-05-09 10:29:16,165 ] -         )
[ INFO : 2026-05-09 10:29:16,165 ] -         (30): Sequential(
[ INFO : 2026-05-09 10:29:16,165 ] -           (0): GroupNorm(1, 128, eps=1.1920928955078125e-07, affine=True)
[ INFO : 2026-05-09 10:29:16,165 ] -           (1): Conv1d(128, 128, kernel_size=(1,), stride=(1,))
[ INFO : 2026-05-09 10:29:16,165 ] -         )
[ INFO : 2026-05-09 10:29:16,165 ] -         (31): Sequential(
[ INFO : 2026-05-09 10:29:16,165 ] -           (0): GroupNorm(1, 16, eps=1.1920928955078125e-07, affine=True)
[ INFO : 2026-05-09 10:29:16,166 ] -           (1): Conv1d(16, 128, kernel_size=(1,), stride=(1,))
[ INFO : 2026-05-09 10:29:16,166 ] -         )
[ INFO : 2026-05-09 10:29:16,166 ] -       )
[ INFO : 2026-05-09 10:29:16,166 ] -     )
[ INFO : 2026-05-09 10:29:16,166 ] -     (separator): BSRNN_Separator(
[ INFO : 2026-05-09 10:29:16,166 ] -       (separation): ModuleList(
[ INFO : 2026-05-09 10:29:16,166 ] -         (0-5): 6 x BSNet(
[ INFO : 2026-05-09 10:29:16,166 ] -           (band_rnn): ResRNN(
[ INFO : 2026-05-09 10:29:16,166 ] -             (norm): GroupNorm(1, 128, eps=1e-05, affine=True)
[ INFO : 2026-05-09 10:29:16,166 ] -             (rnn): LSTM(128, 256, batch_first=True, bidirectional=True)
[ INFO : 2026-05-09 10:29:16,166 ] -             (proj): Linear(in_features=512, out_features=128, bias=True)
[ INFO : 2026-05-09 10:29:16,166 ] -           )
[ INFO : 2026-05-09 10:29:16,166 ] -           (band_comm): ResRNN(
[ INFO : 2026-05-09 10:29:16,166 ] -             (norm): GroupNorm(1, 128, eps=1e-05, affine=True)
[ INFO : 2026-05-09 10:29:16,166 ] -             (rnn): LSTM(128, 256, batch_first=True, bidirectional=True)
[ INFO : 2026-05-09 10:29:16,166 ] -             (proj): Linear(in_features=512, out_features=128, bias=True)
[ INFO : 2026-05-09 10:29:16,166 ] -           )
[ INFO : 2026-05-09 10:29:16,166 ] -         )
[ INFO : 2026-05-09 10:29:16,166 ] -       )
[ INFO : 2026-05-09 10:29:16,166 ] -     )
[ INFO : 2026-05-09 10:29:16,167 ] -     (band_masker): BandMasker(
[ INFO : 2026-05-09 10:29:16,167 ] -       (mask): ModuleList(
[ INFO : 2026-05-09 10:29:16,167 ] -         (0-14): 15 x Sequential(
[ INFO : 2026-05-09 10:29:16,167 ] -           (0): GroupNorm(1, 128, eps=1.1920928955078125e-07, affine=True)
[ INFO : 2026-05-09 10:29:16,167 ] -           (1): Conv1d(128, 512, kernel_size=(1,), stride=(1,))
[ INFO : 2026-05-09 10:29:16,167 ] -           (2): Tanh()
[ INFO : 2026-05-09 10:29:16,167 ] -           (3): Conv1d(512, 512, kernel_size=(1,), stride=(1,))
[ INFO : 2026-05-09 10:29:16,167 ] -           (4): Tanh()
[ INFO : 2026-05-09 10:29:16,167 ] -           (5): Conv1d(512, 12, kernel_size=(1,), stride=(1,))
[ INFO : 2026-05-09 10:29:16,167 ] -         )
[ INFO : 2026-05-09 10:29:16,167 ] -         (15-24): 10 x Sequential(
[ INFO : 2026-05-09 10:29:16,167 ] -           (0): GroupNorm(1, 128, eps=1.1920928955078125e-07, affine=True)
[ INFO : 2026-05-09 10:29:16,167 ] -           (1): Conv1d(128, 512, kernel_size=(1,), stride=(1,))
[ INFO : 2026-05-09 10:29:16,167 ] -           (2): Tanh()
[ INFO : 2026-05-09 10:29:16,167 ] -           (3): Conv1d(512, 512, kernel_size=(1,), stride=(1,))
[ INFO : 2026-05-09 10:29:16,167 ] -           (4): Tanh()
[ INFO : 2026-05-09 10:29:16,167 ] -           (5): Conv1d(512, 24, kernel_size=(1,), stride=(1,))
[ INFO : 2026-05-09 10:29:16,167 ] -         )
[ INFO : 2026-05-09 10:29:16,167 ] -         (25-29): 5 x Sequential(
[ INFO : 2026-05-09 10:29:16,167 ] -           (0): GroupNorm(1, 128, eps=1.1920928955078125e-07, affine=True)
[ INFO : 2026-05-09 10:29:16,168 ] -           (1): Conv1d(128, 512, kernel_size=(1,), stride=(1,))
[ INFO : 2026-05-09 10:29:16,168 ] -           (2): Tanh()
[ INFO : 2026-05-09 10:29:16,168 ] -           (3): Conv1d(512, 512, kernel_size=(1,), stride=(1,))
[ INFO : 2026-05-09 10:29:16,168 ] -           (4): Tanh()
[ INFO : 2026-05-09 10:29:16,168 ] -           (5): Conv1d(512, 64, kernel_size=(1,), stride=(1,))
[ INFO : 2026-05-09 10:29:16,168 ] -         )
[ INFO : 2026-05-09 10:29:16,168 ] -         (30): Sequential(
[ INFO : 2026-05-09 10:29:16,168 ] -           (0): GroupNorm(1, 128, eps=1.1920928955078125e-07, affine=True)
[ INFO : 2026-05-09 10:29:16,168 ] -           (1): Conv1d(128, 512, kernel_size=(1,), stride=(1,))
[ INFO : 2026-05-09 10:29:16,168 ] -           (2): Tanh()
[ INFO : 2026-05-09 10:29:16,168 ] -           (3): Conv1d(512, 512, kernel_size=(1,), stride=(1,))
[ INFO : 2026-05-09 10:29:16,168 ] -           (4): Tanh()
[ INFO : 2026-05-09 10:29:16,168 ] -           (5): Conv1d(512, 256, kernel_size=(1,), stride=(1,))
[ INFO : 2026-05-09 10:29:16,168 ] -         )
[ INFO : 2026-05-09 10:29:16,168 ] -         (31): Sequential(
[ INFO : 2026-05-09 10:29:16,168 ] -           (0): GroupNorm(1, 128, eps=1.1920928955078125e-07, affine=True)
[ INFO : 2026-05-09 10:29:16,168 ] -           (1): Conv1d(128, 512, kernel_size=(1,), stride=(1,))
[ INFO : 2026-05-09 10:29:16,168 ] -           (2): Tanh()
[ INFO : 2026-05-09 10:29:16,168 ] -           (3): Conv1d(512, 512, kernel_size=(1,), stride=(1,))
[ INFO : 2026-05-09 10:29:16,168 ] -           (4): Tanh()
[ INFO : 2026-05-09 10:29:16,168 ] -           (5): Conv1d(512, 32, kernel_size=(1,), stride=(1,))
[ INFO : 2026-05-09 10:29:16,169 ] -         )
[ INFO : 2026-05-09 10:29:16,169 ] -       )
[ INFO : 2026-05-09 10:29:16,169 ] -     )
[ INFO : 2026-05-09 10:29:16,169 ] -     (istft): iSTFT()
[ INFO : 2026-05-09 10:29:16,169 ] -   )
[ INFO : 2026-05-09 10:29:16,169 ] -   (visual_ft): VisualFrontend(
[ INFO : 2026-05-09 10:29:16,169 ] -     (features): ModuleDict(
[ INFO : 2026-05-09 10:29:16,169 ] -       (muse_visual): MuseVisualFeature(
[ INFO : 2026-05-09 10:29:16,169 ] -         (roi): Muse_LipROIProcessor()
[ INFO : 2026-05-09 10:29:16,169 ] -         (visual_frontend): Muse_VisualFrontend(
[ INFO : 2026-05-09 10:29:16,169 ] -           (frontend3D): Sequential(
[ INFO : 2026-05-09 10:29:16,169 ] -             (0): Conv3d(1, 64, kernel_size=(5, 7, 7), stride=(1, 2, 2), padding=(2, 3, 3), bias=False)
[ INFO : 2026-05-09 10:29:16,169 ] -             (1): BatchNorm3d(64, eps=0.001, momentum=0.01, affine=True, track_running_stats=True)
[ INFO : 2026-05-09 10:29:16,169 ] -             (2): ReLU()
[ INFO : 2026-05-09 10:29:16,169 ] -             (3): MaxPool3d(kernel_size=(1, 3, 3), stride=(1, 2, 2), padding=(0, 1, 1), dilation=1, ceil_mode=False)
[ INFO : 2026-05-09 10:29:16,169 ] -           )
[ INFO : 2026-05-09 10:29:16,169 ] -           (resnet): ResNet(
[ INFO : 2026-05-09 10:29:16,169 ] -             (layer1): ResNetLayer(
[ INFO : 2026-05-09 10:29:16,169 ] -               (conv1a): Conv2d(64, 64, kernel_size=(3, 3), stride=(1, 1), padding=(1, 1), bias=False)
[ INFO : 2026-05-09 10:29:16,169 ] -               (bn1a): BatchNorm2d(64, eps=0.001, momentum=0.01, affine=True, track_running_stats=True)
[ INFO : 2026-05-09 10:29:16,170 ] -               (conv2a): Conv2d(64, 64, kernel_size=(3, 3), stride=(1, 1), padding=(1, 1), bias=False)
[ INFO : 2026-05-09 10:29:16,170 ] -               (downsample): Conv2d(64, 64, kernel_size=(1, 1), stride=(1, 1), bias=False)
[ INFO : 2026-05-09 10:29:16,170 ] -               (outbna): BatchNorm2d(64, eps=0.001, momentum=0.01, affine=True, track_running_stats=True)
[ INFO : 2026-05-09 10:29:16,170 ] -               (conv1b): Conv2d(64, 64, kernel_size=(3, 3), stride=(1, 1), padding=(1, 1), bias=False)
[ INFO : 2026-05-09 10:29:16,170 ] -               (bn1b): BatchNorm2d(64, eps=0.001, momentum=0.01, affine=True, track_running_stats=True)
[ INFO : 2026-05-09 10:29:16,170 ] -               (conv2b): Conv2d(64, 64, kernel_size=(3, 3), stride=(1, 1), padding=(1, 1), bias=False)
[ INFO : 2026-05-09 10:29:16,170 ] -               (outbnb): BatchNorm2d(64, eps=0.001, momentum=0.01, affine=True, track_running_stats=True)
[ INFO : 2026-05-09 10:29:16,170 ] -             )
[ INFO : 2026-05-09 10:29:16,170 ] -             (layer2): ResNetLayer(
[ INFO : 2026-05-09 10:29:16,170 ] -               (conv1a): Conv2d(64, 128, kernel_size=(3, 3), stride=(2, 2), padding=(1, 1), bias=False)
[ INFO : 2026-05-09 10:29:16,170 ] -               (bn1a): BatchNorm2d(128, eps=0.001, momentum=0.01, affine=True, track_running_stats=True)
[ INFO : 2026-05-09 10:29:16,170 ] -               (conv2a): Conv2d(128, 128, kernel_size=(3, 3), stride=(1, 1), padding=(1, 1), bias=False)
[ INFO : 2026-05-09 10:29:16,170 ] -               (downsample): Conv2d(64, 128, kernel_size=(1, 1), stride=(2, 2), bias=False)
[ INFO : 2026-05-09 10:29:16,170 ] -               (outbna): BatchNorm2d(128, eps=0.001, momentum=0.01, affine=True, track_running_stats=True)
[ INFO : 2026-05-09 10:29:16,170 ] -               (conv1b): Conv2d(128, 128, kernel_size=(3, 3), stride=(1, 1), padding=(1, 1), bias=False)
[ INFO : 2026-05-09 10:29:16,170 ] -               (bn1b): BatchNorm2d(128, eps=0.001, momentum=0.01, affine=True, track_running_stats=True)
[ INFO : 2026-05-09 10:29:16,170 ] -               (conv2b): Conv2d(128, 128, kernel_size=(3, 3), stride=(1, 1), padding=(1, 1), bias=False)
[ INFO : 2026-05-09 10:29:16,170 ] -               (outbnb): BatchNorm2d(128, eps=0.001, momentum=0.01, affine=True, track_running_stats=True)
[ INFO : 2026-05-09 10:29:16,170 ] -             )
[ INFO : 2026-05-09 10:29:16,170 ] -             (layer3): ResNetLayer(
[ INFO : 2026-05-09 10:29:16,171 ] -               (conv1a): Conv2d(128, 256, kernel_size=(3, 3), stride=(2, 2), padding=(1, 1), bias=False)
[ INFO : 2026-05-09 10:29:16,171 ] -               (bn1a): BatchNorm2d(256, eps=0.001, momentum=0.01, affine=True, track_running_stats=True)
[ INFO : 2026-05-09 10:29:16,171 ] -               (conv2a): Conv2d(256, 256, kernel_size=(3, 3), stride=(1, 1), padding=(1, 1), bias=False)
[ INFO : 2026-05-09 10:29:16,171 ] -               (downsample): Conv2d(128, 256, kernel_size=(1, 1), stride=(2, 2), bias=False)
[ INFO : 2026-05-09 10:29:16,171 ] -               (outbna): BatchNorm2d(256, eps=0.001, momentum=0.01, affine=True, track_running_stats=True)
[ INFO : 2026-05-09 10:29:16,171 ] -               (conv1b): Conv2d(256, 256, kernel_size=(3, 3), stride=(1, 1), padding=(1, 1), bias=False)
[ INFO : 2026-05-09 10:29:16,171 ] -               (bn1b): BatchNorm2d(256, eps=0.001, momentum=0.01, affine=True, track_running_stats=True)
[ INFO : 2026-05-09 10:29:16,171 ] -               (conv2b): Conv2d(256, 256, kernel_size=(3, 3), stride=(1, 1), padding=(1, 1), bias=False)
[ INFO : 2026-05-09 10:29:16,171 ] -               (outbnb): BatchNorm2d(256, eps=0.001, momentum=0.01, affine=True, track_running_stats=True)
[ INFO : 2026-05-09 10:29:16,171 ] -             )
[ INFO : 2026-05-09 10:29:16,171 ] -             (layer4): ResNetLayer(
[ INFO : 2026-05-09 10:29:16,171 ] -               (conv1a): Conv2d(256, 512, kernel_size=(3, 3), stride=(2, 2), padding=(1, 1), bias=False)
[ INFO : 2026-05-09 10:29:16,171 ] -               (bn1a): BatchNorm2d(512, eps=0.001, momentum=0.01, affine=True, track_running_stats=True)
[ INFO : 2026-05-09 10:29:16,171 ] -               (conv2a): Conv2d(512, 512, kernel_size=(3, 3), stride=(1, 1), padding=(1, 1), bias=False)
[ INFO : 2026-05-09 10:29:16,171 ] -               (downsample): Conv2d(256, 512, kernel_size=(1, 1), stride=(2, 2), bias=False)
[ INFO : 2026-05-09 10:29:16,171 ] -               (outbna): BatchNorm2d(512, eps=0.001, momentum=0.01, affine=True, track_running_stats=True)
[ INFO : 2026-05-09 10:29:16,171 ] -               (conv1b): Conv2d(512, 512, kernel_size=(3, 3), stride=(1, 1), padding=(1, 1), bias=False)
[ INFO : 2026-05-09 10:29:16,171 ] -               (bn1b): BatchNorm2d(512, eps=0.001, momentum=0.01, affine=True, track_running_stats=True)
[ INFO : 2026-05-09 10:29:16,171 ] -               (conv2b): Conv2d(512, 512, kernel_size=(3, 3), stride=(1, 1), padding=(1, 1), bias=False)
[ INFO : 2026-05-09 10:29:16,171 ] -               (outbnb): BatchNorm2d(512, eps=0.001, momentum=0.01, affine=True, track_running_stats=True)
[ INFO : 2026-05-09 10:29:16,171 ] -             )
[ INFO : 2026-05-09 10:29:16,172 ] -             (avgpool): AvgPool2d(kernel_size=(4, 4), stride=(1, 1), padding=0)
[ INFO : 2026-05-09 10:29:16,172 ] -           )
[ INFO : 2026-05-09 10:29:16,172 ] -         )
[ INFO : 2026-05-09 10:29:16,172 ] -         (vtcn): Sequential(
[ INFO : 2026-05-09 10:29:16,172 ] -           (0): Muse_VisualConv1D(
[ INFO : 2026-05-09 10:29:16,172 ] -             (net): Sequential(
[ INFO : 2026-05-09 10:29:16,172 ] -               (0): ReLU()
[ INFO : 2026-05-09 10:29:16,172 ] -               (1): BatchNorm1d(512, eps=1e-05, momentum=0.1, affine=True, track_running_stats=True)
[ INFO : 2026-05-09 10:29:16,172 ] -               (2): Conv1d(512, 512, kernel_size=(3,), stride=(1,), padding=(1,), groups=512, bias=False)
[ INFO : 2026-05-09 10:29:16,172 ] -               (3): PReLU(num_parameters=1)
[ INFO : 2026-05-09 10:29:16,172 ] -               (4): BatchNorm1d(512, eps=1e-05, momentum=0.1, affine=True, track_running_stats=True)
[ INFO : 2026-05-09 10:29:16,172 ] -               (5): Conv1d(512, 512, kernel_size=(1,), stride=(1,), bias=False)
[ INFO : 2026-05-09 10:29:16,172 ] -             )
[ INFO : 2026-05-09 10:29:16,172 ] -           )
[ INFO : 2026-05-09 10:29:16,172 ] -           (1): Muse_VisualConv1D(
[ INFO : 2026-05-09 10:29:16,172 ] -             (net): Sequential(
[ INFO : 2026-05-09 10:29:16,172 ] -               (0): ReLU()
[ INFO : 2026-05-09 10:29:16,172 ] -               (1): BatchNorm1d(512, eps=1e-05, momentum=0.1, affine=True, track_running_stats=True)
[ INFO : 2026-05-09 10:29:16,172 ] -               (2): Conv1d(512, 512, kernel_size=(3,), stride=(1,), padding=(1,), groups=512, bias=False)
[ INFO : 2026-05-09 10:29:16,172 ] -               (3): PReLU(num_parameters=1)
[ INFO : 2026-05-09 10:29:16,173 ] -               (4): BatchNorm1d(512, eps=1e-05, momentum=0.1, affine=True, track_running_stats=True)
[ INFO : 2026-05-09 10:29:16,173 ] -               (5): Conv1d(512, 512, kernel_size=(1,), stride=(1,), bias=False)
[ INFO : 2026-05-09 10:29:16,173 ] -             )
[ INFO : 2026-05-09 10:29:16,173 ] -           )
[ INFO : 2026-05-09 10:29:16,173 ] -           (2): Muse_VisualConv1D(
[ INFO : 2026-05-09 10:29:16,173 ] -             (net): Sequential(
[ INFO : 2026-05-09 10:29:16,173 ] -               (0): ReLU()
[ INFO : 2026-05-09 10:29:16,173 ] -               (1): BatchNorm1d(512, eps=1e-05, momentum=0.1, affine=True, track_running_stats=True)
[ INFO : 2026-05-09 10:29:16,173 ] -               (2): Conv1d(512, 512, kernel_size=(3,), stride=(1,), padding=(1,), groups=512, bias=False)
[ INFO : 2026-05-09 10:29:16,173 ] -               (3): PReLU(num_parameters=1)
[ INFO : 2026-05-09 10:29:16,173 ] -               (4): BatchNorm1d(512, eps=1e-05, momentum=0.1, affine=True, track_running_stats=True)
[ INFO : 2026-05-09 10:29:16,173 ] -               (5): Conv1d(512, 512, kernel_size=(1,), stride=(1,), bias=False)
[ INFO : 2026-05-09 10:29:16,173 ] -             )
[ INFO : 2026-05-09 10:29:16,173 ] -           )
[ INFO : 2026-05-09 10:29:16,173 ] -           (3): Muse_VisualConv1D(
[ INFO : 2026-05-09 10:29:16,173 ] -             (net): Sequential(
[ INFO : 2026-05-09 10:29:16,173 ] -               (0): ReLU()
[ INFO : 2026-05-09 10:29:16,173 ] -               (1): BatchNorm1d(512, eps=1e-05, momentum=0.1, affine=True, track_running_stats=True)
[ INFO : 2026-05-09 10:29:16,173 ] -               (2): Conv1d(512, 512, kernel_size=(3,), stride=(1,), padding=(1,), groups=512, bias=False)
[ INFO : 2026-05-09 10:29:16,173 ] -               (3): PReLU(num_parameters=1)
[ INFO : 2026-05-09 10:29:16,173 ] -               (4): BatchNorm1d(512, eps=1e-05, momentum=0.1, affine=True, track_running_stats=True)
[ INFO : 2026-05-09 10:29:16,174 ] -               (5): Conv1d(512, 512, kernel_size=(1,), stride=(1,), bias=False)
[ INFO : 2026-05-09 10:29:16,174 ] -             )
[ INFO : 2026-05-09 10:29:16,174 ] -           )
[ INFO : 2026-05-09 10:29:16,174 ] -           (4): Muse_VisualConv1D(
[ INFO : 2026-05-09 10:29:16,174 ] -             (net): Sequential(
[ INFO : 2026-05-09 10:29:16,174 ] -               (0): ReLU()
[ INFO : 2026-05-09 10:29:16,174 ] -               (1): BatchNorm1d(512, eps=1e-05, momentum=0.1, affine=True, track_running_stats=True)
[ INFO : 2026-05-09 10:29:16,174 ] -               (2): Conv1d(512, 512, kernel_size=(3,), stride=(1,), padding=(1,), groups=512, bias=False)
[ INFO : 2026-05-09 10:29:16,174 ] -               (3): PReLU(num_parameters=1)
[ INFO : 2026-05-09 10:29:16,174 ] -               (4): BatchNorm1d(512, eps=1e-05, momentum=0.1, affine=True, track_running_stats=True)
[ INFO : 2026-05-09 10:29:16,174 ] -               (5): Conv1d(512, 512, kernel_size=(1,), stride=(1,), bias=False)
[ INFO : 2026-05-09 10:29:16,174 ] -             )
[ INFO : 2026-05-09 10:29:16,174 ] -           )
[ INFO : 2026-05-09 10:29:16,174 ] -         )
[ INFO : 2026-05-09 10:29:16,174 ] -         (fusionLayer): SpeakerFuseLayer(
[ INFO : 2026-05-09 10:29:16,174 ] -           (fc): LinearLayer(
[ INFO : 2026-05-09 10:29:16,174 ] -             (linear): Linear(in_features=640, out_features=128, bias=True)
[ INFO : 2026-05-09 10:29:16,174 ] -           )
[ INFO : 2026-05-09 10:29:16,174 ] -         )
[ INFO : 2026-05-09 10:29:16,174 ] -       )
[ INFO : 2026-05-09 10:29:16,175 ] -     )
[ INFO : 2026-05-09 10:29:16,175 ] -   )
[ INFO : 2026-05-09 10:29:16,175 ] - )
[ INFO : 2026-05-09 10:29:17,141 ] - <== TSE Model Loss ==>
[ INFO : 2026-05-09 10:29:17,141 ] - loss criterion is: SISDR
[ INFO : 2026-05-09 10:29:17,143 ] - <== TSE Model Optimizer ==>
[ INFO : 2026-05-09 10:29:17,143 ] - optimizer is: Adam
[ INFO : 2026-05-09 10:29:17,143 ] - <== TSE Model Scheduler ==>
[ INFO : 2026-05-09 10:29:17,143 ] - scheduler is: ExponentialDecrease
[ INFO : 2026-05-09 10:29:17,143 ] - Train model from scratch ...
/maduo/codebase/wesep_wenet/examples/visual/voxceleb2mix/wesep/bin/train.py:264: FutureWarning: `torch.cuda.amp.GradScaler(args...)` is deprecated. Please use `torch.amp.GradScaler('cuda', args...)` instead.
  scaler = torch.cuda.amp.GradScaler(enabled=configs["enable_amp"])
[ INFO : 2026-05-09 10:29:17,143 ] - start_epoch: 1
[ INFO : 2026-05-09 10:29:17,150 ] - <========== Training process ==========>
[ INFO : 2026-05-09 10:29:17,151 ] - +----------+----------+----------+----------+----------+
[ INFO : 2026-05-09 10:29:17,151 ] - | Train/Val|     Epoch|      iter|      Loss|        LR|
[ INFO : 2026-05-09 10:29:17,151 ] - +----------+----------+----------+----------+----------+
[ INFO : 2026-05-09 10:34:22,110 ] - |     TRAIN|         1|       100|        35|0.00099951|
[ INFO : 2026-05-09 10:56:58,447 ] - |     TRAIN|         1|       200|    34.858|0.00099902|
[ INFO : 2026-05-09 11:19:24,053 ] - |     TRAIN|         1|       300|    34.731|0.00099853|
[ INFO : 2026-05-09 11:42:03,551 ] - |     TRAIN|         1|       400|    34.579|0.00099804|
[ INFO : 2026-05-09 12:04:48,277 ] - |     TRAIN|         1|       500|    34.441|0.00099755|
[ INFO : 2026-05-09 12:26:54,548 ] - |     TRAIN|         1|       600|    34.368|0.00099706|
[ INFO : 2026-05-09 12:48:40,448 ] - |     TRAIN|         1|       700|    34.266|0.00099657|
[ INFO : 2026-05-09 13:11:01,749 ] - |     TRAIN|         1|       800|    34.204|0.00099608|
[ INFO : 2026-05-09 13:34:08,373 ] - |     TRAIN|         1|       900|     34.15|0.00099559|
[ INFO : 2026-05-09 13:57:17,946 ] - |     TRAIN|         1|      1000|    34.122| 0.0009951|
[ INFO : 2026-05-09 14:20:34,651 ] - |     TRAIN|         1|      1100|    34.079|0.00099461|
[ INFO : 2026-05-09 14:42:55,251 ] - |     TRAIN|         1|      1200|    34.056|0.00099412|
[ INFO : 2026-05-09 15:27:07,426 ] - |     TRAIN|         1|      1300|    34.029|0.00099363|
[ INFO : 2026-05-09 15:27:59,384 ] - |     TRAIN|         1|      1400|    34.046|0.00099314|
[ INFO : 2026-05-09 15:28:49,982 ] - |     TRAIN|         1|      1500|    34.016|0.00099265|
[ INFO : 2026-05-09 15:29:39,542 ] - |     TRAIN|         1|      1600|    33.993|0.00099217|
[ INFO : 2026-05-09 15:32:45,889 ] - |     TRAIN|         1|      1700|    33.979|0.00099168|
[ INFO : 2026-05-09 16:01:55,590 ] - |     TRAIN|         1|      1800|    33.986|0.00099119|
[ INFO : 2026-05-09 16:02:44,451 ] - |     TRAIN|         1|      1900|    34.002| 0.0009907|
[ INFO : 2026-05-09 16:03:33,641 ] - |     TRAIN|         1|      2000|    33.984|0.00099022|
[ INFO : 2026-05-09 16:04:22,122 ] - |     TRAIN|         1|      2100|    33.992|0.00098973|
[ INFO : 2026-05-09 16:05:16,609 ] - |     TRAIN|         1|      2200|    33.978|0.00098924|
[ INFO : 2026-05-09 16:06:08,457 ] - |     TRAIN|         1|      2300|    33.978|0.00098876|
[ INFO : 2026-05-09 16:06:59,467 ] - |     TRAIN|         1|      2400|    33.971|0.00098827|
[ INFO : 2026-05-09 16:07:50,732 ] - |     TRAIN|         1|      2500|    33.981|0.00098778|
[ INFO : 2026-05-09 16:12:35,566 ] - |     TRAIN|         1|      2600|    33.972| 0.0009873|
[ INFO : 2026-05-09 16:58:27,185 ] - |     TRAIN|         1|      2700|    33.963|0.00098681|
[ INFO : 2026-05-09 17:43:49,750 ] - |     TRAIN|         1|      2800|    33.959|0.00098633|
[ INFO : 2026-05-09 17:45:49,587 ] - |     TRAIN|         1|      2900|    33.951|0.00098584|
[ INFO : 2026-05-09 17:46:41,410 ] - |     TRAIN|         1|      3000|    33.943|0.00098536|
[ INFO : 2026-05-09 17:47:31,893 ] - |     TRAIN|         1|      3100|    33.927|0.00098487|
[ INFO : 2026-05-09 17:48:21,528 ] - |     TRAIN|         1|      3200|    33.921|0.00098439|
[ INFO : 2026-05-09 17:49:11,130 ] - |     TRAIN|         1|      3300|    33.922| 0.0009839|
[ INFO : 2026-05-09 17:50:00,695 ] - |     TRAIN|         1|      3400|    33.914|0.00098342|
[ INFO : 2026-05-09 17:50:51,093 ] - |     TRAIN|         1|      3500|    33.918|0.00098294|
[ INFO : 2026-05-09 17:51:42,554 ] - |     TRAIN|         1|      3600|    33.923|0.00098245|
[ INFO : 2026-05-09 17:52:33,841 ] - |     TRAIN|         1|      3700|    33.916|0.00098197|
[ INFO : 2026-05-09 17:58:09,499 ] - |     TRAIN|         1|      3800|    33.915|0.00098149|
[ INFO : 2026-05-09 17:59:02,712 ] - |     TRAIN|         1|      3900|    33.904|0.00098101|
[ INFO : 2026-05-09 17:59:55,069 ] - |     TRAIN|         1|      4000|    33.899|0.00098052|
[ INFO : 2026-05-09 18:00:46,677 ] - |     TRAIN|         1|      4100|    33.889|0.00098004|
[ INFO : 2026-05-09 18:01:37,735 ] - |     TRAIN|         1|      4200|    33.892|0.00097956|
[ INFO : 2026-05-09 18:02:27,502 ] - |     TRAIN|         1|      4300|    33.882|0.00097908|
[ INFO : 2026-05-09 18:03:17,221 ] - |     TRAIN|         1|      4400|    33.873| 0.0009786|
[ INFO : 2026-05-09 18:04:07,027 ] - |     TRAIN|         1|      4500|    33.863|0.00097811|
[ INFO : 2026-05-09 18:04:57,219 ] - |     TRAIN|         1|      4600|    33.858|0.00097763|
[ INFO : 2026-05-09 18:05:47,271 ] - |     TRAIN|         1|      4700|    33.857|0.00097715|
[ INFO : 2026-05-09 18:06:37,030 ] - |     TRAIN|         1|      4800|    33.854|0.00097667|
[ INFO : 2026-05-09 18:07:28,587 ] - |     TRAIN|         1|      4900|    33.848|0.00097619|
[ INFO : 2026-05-09 18:08:21,562 ] - |     TRAIN|         1|      5000|    33.845|0.00097571|
/maduo/miniconda3/envs/wesep_py310_cu126/lib/python3.10/site-packages/torch/utils/data/_utils/pin_memory.py:57: DeprecationWarning: The argument 'device' of Tensor.pin_memory() is deprecated. Please do not pass this argument. (Triggered internally at /pytorch/aten/src/ATen/native/Memory.cpp:46.)
  return data.pin_memory(device)
/maduo/miniconda3/envs/wesep_py310_cu126/lib/python3.10/site-packages/torch/utils/data/_utils/pin_memory.py:57: DeprecationWarning: The argument 'device' of Tensor.is_pinned() is deprecated. Please do not pass this argument. (Triggered internally at /pytorch/aten/src/ATen/native/Memory.cpp:31.)
  return data.pin_memory(device)
[ INFO : 2026-05-09 18:09:49,703 ] - |       VAL|         1|       100|    33.479|         -|
[ INFO : 2026-05-09 18:11:07,188 ] - |       VAL|         1|       200|    33.514|         -|
[ INFO : 2026-05-09 18:12:26,824 ] - |       VAL|         1|       300|    33.529|         -|
[ INFO : 2026-05-09 18:13:45,804 ] - |       VAL|         1|       400|    33.593|         -|
[ INFO : 2026-05-09 18:15:04,889 ] - |       VAL|         1|       500|    33.552|         -|
[ INFO : 2026-05-09 18:16:21,365 ] - |       VAL|         1|       600|    33.525|         -|
[ INFO : 2026-05-09 18:17:38,181 ] - |       VAL|         1|       700|     33.52|         -|
[ INFO : 2026-05-09 18:18:54,775 ] - |       VAL|         1|       800|    33.522|         -|
[ INFO : 2026-05-09 18:20:08,907 ] - |       VAL|         1|       900|    33.551|         -|
[ INFO : 2026-05-09 18:21:21,878 ] - |       VAL|         1|      1000|    33.517|         -|
[ INFO : 2026-05-09 18:22:36,236 ] - |       VAL|         1|      1100|    33.506|         -|
[ INFO : 2026-05-09 18:23:48,468 ] - |       VAL|         1|      1200|    33.518|         -|
[ INFO : 2026-05-09 18:24:25,902 ] - Epoch 1 Train info train_loss 33.84482957267761
[ INFO : 2026-05-09 18:24:25,902 ] - Epoch 1 Val info val_loss 33.49174452514649
[ INFO : 2026-05-09 18:29:58,720 ] - |     TRAIN|         2|       100|    33.625|0.00097523|
[ INFO : 2026-05-09 18:31:31,774 ] - |     TRAIN|         2|       200|    33.675|0.00097475|
[ INFO : 2026-05-09 18:32:54,216 ] - |     TRAIN|         2|       300|     33.55|0.00097427|
[ INFO : 2026-05-09 18:33:47,883 ] - |     TRAIN|         2|       400|    33.613|0.00097379|
[ INFO : 2026-05-09 18:34:41,518 ] - |     TRAIN|         2|       500|    33.629|0.00097332|
[ INFO : 2026-05-09 18:35:40,068 ] - |     TRAIN|         2|       600|    33.675|0.00097284|
[ INFO : 2026-05-09 18:36:32,715 ] - |     TRAIN|         2|       700|    33.659|0.00097236|
[ INFO : 2026-05-09 18:37:22,692 ] - |     TRAIN|         2|       800|    33.634|0.00097188|
[ INFO : 2026-05-09 18:38:15,078 ] - |     TRAIN|         2|       900|    33.644| 0.0009714|
[ INFO : 2026-05-09 18:39:05,077 ] - |     TRAIN|         2|      1000|    33.632|0.00097092|
[ INFO : 2026-05-09 18:39:55,420 ] - |     TRAIN|         2|      1100|    33.629|0.00097045|
[ INFO : 2026-05-09 18:40:45,617 ] - |     TRAIN|         2|      1200|    33.626|0.00096997|
[ INFO : 2026-05-09 18:49:26,423 ] - |     TRAIN|         2|      1300|    33.615|0.00096949|
[ INFO : 2026-05-09 20:04:10,847 ] - |     TRAIN|         2|      1400|    33.618|0.00096902|
[ INFO : 2026-05-09 21:25:53,245 ] - |     TRAIN|         2|      1500|    33.619|0.00096854|
[ INFO : 2026-05-09 21:46:19,537 ] - |     TRAIN|         2|      1600|    33.622|0.00096806|
[ INFO : 2026-05-09 22:54:10,746 ] - |     TRAIN|         2|      1700|    33.621|0.00096759|
[ INFO : 2026-05-10 00:16:44,346 ] - |     TRAIN|         2|      1800|    33.626|0.00096711|
[ INFO : 2026-05-10 00:48:41,532 ] - |     TRAIN|         2|      1900|     33.63|0.00096664|
[ INFO : 2026-05-10 00:49:34,923 ] - |     TRAIN|         2|      2000|    33.652|0.00096616|
[ INFO : 2026-05-10 00:50:26,699 ] - |     TRAIN|         2|      2100|    33.662|0.00096569|
[ INFO : 2026-05-10 00:51:18,744 ] - |     TRAIN|         2|      2200|    33.669|0.00096521|
[ INFO : 2026-05-10 00:52:10,209 ] - |     TRAIN|         2|      2300|    33.686|0.00096474|
[ INFO : 2026-05-10 00:53:00,576 ] - |     TRAIN|         2|      2400|    33.701|0.00096426|
[ INFO : 2026-05-10 00:53:51,270 ] - |     TRAIN|         2|      2500|    33.709|0.00096379|
[ INFO : 2026-05-10 00:59:27,791 ] - |     TRAIN|         2|      2600|    33.706|0.00096331|
[ INFO : 2026-05-10 01:00:21,804 ] - |     TRAIN|         2|      2700|    33.714|0.00096284|
[ INFO : 2026-05-10 01:01:16,208 ] - |     TRAIN|         2|      2800|    33.707|0.00096237|
[ INFO : 2026-05-10 01:02:11,188 ] - |     TRAIN|         2|      2900|    33.711|0.00096189|
[ INFO : 2026-05-10 01:03:04,090 ] - |     TRAIN|         2|      3000|    33.717|0.00096142|
[ INFO : 2026-05-10 01:03:56,861 ] - |     TRAIN|         2|      3100|    33.721|0.00096095|
[ INFO : 2026-05-10 01:04:48,247 ] - |     TRAIN|         2|      3200|    33.716|0.00096048|
[ INFO : 2026-05-10 01:05:39,463 ] - |     TRAIN|         2|      3300|    33.721|   0.00096|
[ INFO : 2026-05-10 01:06:31,399 ] - |     TRAIN|         2|      3400|    33.717|0.00095953|
[ INFO : 2026-05-10 01:07:23,559 ] - |     TRAIN|         2|      3500|    33.722|0.00095906|
[ INFO : 2026-05-10 01:08:14,948 ] - |     TRAIN|         2|      3600|    33.722|0.00095859|
[ INFO : 2026-05-10 01:09:06,409 ] - |     TRAIN|         2|      3700|    33.731|0.00095812|
[ INFO : 2026-05-10 01:15:05,515 ] - |     TRAIN|         2|      3800|    33.728|0.00095765|
[ INFO : 2026-05-10 01:16:00,782 ] - |     TRAIN|         2|      3900|    33.734|0.00095717|
[ INFO : 2026-05-10 01:16:54,649 ] - |     TRAIN|         2|      4000|     33.75| 0.0009567|
[ INFO : 2026-05-10 01:17:47,780 ] - |     TRAIN|         2|      4100|    33.755|0.00095623|
[ INFO : 2026-05-10 01:18:41,741 ] - |     TRAIN|         2|      4200|    33.757|0.00095576|
[ INFO : 2026-05-10 01:19:33,440 ] - |     TRAIN|         2|      4300|    33.762|0.00095529|
[ INFO : 2026-05-10 01:20:26,308 ] - |     TRAIN|         2|      4400|    33.766|0.00095482|
[ INFO : 2026-05-10 01:21:18,303 ] - |     TRAIN|         2|      4500|    33.774|0.00095435|
[ INFO : 2026-05-10 01:22:10,835 ] - |     TRAIN|         2|      4600|    33.775|0.00095388|
[ INFO : 2026-05-10 01:23:03,497 ] - |     TRAIN|         2|      4700|    33.775|0.00095342|
[ INFO : 2026-05-10 01:23:55,496 ] - |     TRAIN|         2|      4800|    33.781|0.00095295|
[ INFO : 2026-05-10 01:24:48,803 ] - |     TRAIN|         2|      4900|    33.785|0.00095248|
[ INFO : 2026-05-10 01:25:41,278 ] - |     TRAIN|         2|      5000|    33.798|0.00095201|
/maduo/miniconda3/envs/wesep_py310_cu126/lib/python3.10/site-packages/torch/utils/data/_utils/pin_memory.py:57: DeprecationWarning: The argument 'device' of Tensor.pin_memory() is deprecated. Please do not pass this argument. (Triggered internally at /pytorch/aten/src/ATen/native/Memory.cpp:46.)
  return data.pin_memory(device)
/maduo/miniconda3/envs/wesep_py310_cu126/lib/python3.10/site-packages/torch/utils/data/_utils/pin_memory.py:57: DeprecationWarning: The argument 'device' of Tensor.is_pinned() is deprecated. Please do not pass this argument. (Triggered internally at /pytorch/aten/src/ATen/native/Memory.cpp:31.)
  return data.pin_memory(device)
[ INFO : 2026-05-10 01:27:07,369 ] - |       VAL|         2|       100|    34.425|         -|
[ INFO : 2026-05-10 01:28:21,822 ] - |       VAL|         2|       200|    34.435|         -|
[ INFO : 2026-05-10 01:29:34,055 ] - |       VAL|         2|       300|     34.34|         -|
[ INFO : 2026-05-10 01:30:45,784 ] - |       VAL|         2|       400|    34.336|         -|
[ INFO : 2026-05-10 01:31:57,635 ] - |       VAL|         2|       500|    34.356|         -|
[ INFO : 2026-05-10 01:33:10,515 ] - |       VAL|         2|       600|    34.328|         -|
[ INFO : 2026-05-10 01:34:23,195 ] - |       VAL|         2|       700|    34.334|         -|
[ INFO : 2026-05-10 01:35:35,608 ] - |       VAL|         2|       800|    34.312|         -|
[ INFO : 2026-05-10 01:36:46,846 ] - |       VAL|         2|       900|      34.3|         -|
[ INFO : 2026-05-10 01:37:56,101 ] - |       VAL|         2|      1000|    34.307|         -|
[ INFO : 2026-05-10 01:39:10,418 ] - |       VAL|         2|      1100|    34.287|         -|
[ INFO : 2026-05-10 01:40:23,657 ] - |       VAL|         2|      1200|    34.291|         -|
[ INFO : 2026-05-10 01:41:00,475 ] - Epoch 2 Train info train_loss 33.79766872291565
[ INFO : 2026-05-10 01:41:00,475 ] - Epoch 2 Val info val_loss 34.273827014160155
[ INFO : 2026-05-10 01:46:03,768 ] - |     TRAIN|         3|       100|    34.304|0.00095154|
[ INFO : 2026-05-10 01:46:54,322 ] - |     TRAIN|         3|       200|    34.442|0.00095107|
[ INFO : 2026-05-10 01:47:48,030 ] - |     TRAIN|         3|       300|    34.329|0.00095061|
[ INFO : 2026-05-10 01:48:37,862 ] - |     TRAIN|         3|       400|    34.305|0.00095014|
[ INFO : 2026-05-10 01:49:28,351 ] - |     TRAIN|         3|       500|    34.241|0.00094967|
[ INFO : 2026-05-10 01:50:18,128 ] - |     TRAIN|         3|       600|     34.18| 0.0009492|
[ INFO : 2026-05-10 01:51:08,462 ] - |     TRAIN|         3|       700|    34.175|0.00094874|
[ INFO : 2026-05-10 01:52:00,064 ] - |     TRAIN|         3|       800|    34.187|0.00094827|
[ INFO : 2026-05-10 01:52:50,971 ] - |     TRAIN|         3|       900|    34.168| 0.0009478|
[ INFO : 2026-05-10 01:53:41,828 ] - |     TRAIN|         3|      1000|    34.122|0.00094734|
[ INFO : 2026-05-10 01:54:32,350 ] - |     TRAIN|         3|      1100|    34.087|0.00094687|
[ INFO : 2026-05-10 01:55:22,999 ] - |     TRAIN|         3|      1200|    34.055|0.00094641|
[ INFO : 2026-05-10 02:00:19,756 ] - |     TRAIN|         3|      1300|    34.028|0.00094594|
[ INFO : 2026-05-10 02:01:11,157 ] - |     TRAIN|         3|      1400|    33.999|0.00094548|
[ INFO : 2026-05-10 02:02:00,863 ] - |     TRAIN|         3|      1500|    33.986|0.00094501|
[ INFO : 2026-05-10 02:02:50,656 ] - |     TRAIN|         3|      1600|     33.95|0.00094455|
[ INFO : 2026-05-10 02:03:39,827 ] - |     TRAIN|         3|      1700|    33.923|0.00094408|
[ INFO : 2026-05-10 02:04:29,396 ] - |     TRAIN|         3|      1800|    33.907|0.00094362|
[ INFO : 2026-05-10 02:05:19,343 ] - |     TRAIN|         3|      1900|     33.88|0.00094315|
[ INFO : 2026-05-10 02:06:09,792 ] - |     TRAIN|         3|      2000|    33.855|0.00094269|
[ INFO : 2026-05-10 02:07:00,967 ] - |     TRAIN|         3|      2100|    33.857|0.00094223|
[ INFO : 2026-05-10 02:07:52,007 ] - |     TRAIN|         3|      2200|    33.838|0.00094176|
[ INFO : 2026-05-10 02:08:42,668 ] - |     TRAIN|         3|      2300|    33.835| 0.0009413|
[ INFO : 2026-05-10 02:09:33,094 ] - |     TRAIN|         3|      2400|    33.824|0.00094084|
[ INFO : 2026-05-10 02:10:23,323 ] - |     TRAIN|         3|      2500|    33.811|0.00094038|
[ INFO : 2026-05-10 02:15:19,547 ] - |     TRAIN|         3|      2600|    33.798|0.00093991|
[ INFO : 2026-05-10 02:16:09,888 ] - |     TRAIN|         3|      2700|    33.788|0.00093945|
[ INFO : 2026-05-10 02:16:59,197 ] - |     TRAIN|         3|      2800|    33.769|0.00093899|
[ INFO : 2026-05-10 02:17:47,821 ] - |     TRAIN|         3|      2900|    33.756|0.00093853|
[ INFO : 2026-05-10 02:18:37,136 ] - |     TRAIN|         3|      3000|    33.734|0.00093807|
[ INFO : 2026-05-10 02:19:26,122 ] - |     TRAIN|         3|      3100|    33.726| 0.0009376|
[ INFO : 2026-05-10 02:20:15,796 ] - |     TRAIN|         3|      3200|    33.724|0.00093714|
[ INFO : 2026-05-10 02:21:06,048 ] - |     TRAIN|         3|      3300|    33.717|0.00093668|
[ INFO : 2026-05-10 02:21:56,048 ] - |     TRAIN|         3|      3400|    33.708|0.00093622|
[ INFO : 2026-05-10 02:22:45,277 ] - |     TRAIN|         3|      3500|    33.702|0.00093576|
[ INFO : 2026-05-10 02:23:34,284 ] - |     TRAIN|         3|      3600|    33.688| 0.0009353|
[ INFO : 2026-05-10 02:24:23,976 ] - |     TRAIN|         3|      3700|    33.687|0.00093484|
[ INFO : 2026-05-10 02:29:17,425 ] - |     TRAIN|         3|      3800|    33.682|0.00093438|
[ INFO : 2026-05-10 02:30:07,814 ] - |     TRAIN|         3|      3900|    33.671|0.00093392|
[ INFO : 2026-05-10 02:30:58,538 ] - |     TRAIN|         3|      4000|    33.665|0.00093346|
[ INFO : 2026-05-10 02:31:48,004 ] - |     TRAIN|         3|      4100|    33.664|  0.000933|
[ INFO : 2026-05-10 02:32:36,493 ] - |     TRAIN|         3|      4200|    33.665|0.00093255|
[ INFO : 2026-05-10 02:33:25,297 ] - |     TRAIN|         3|      4300|    33.656|0.00093209|
[ INFO : 2026-05-10 02:34:14,388 ] - |     TRAIN|         3|      4400|    33.647|0.00093163|
[ INFO : 2026-05-10 02:35:03,415 ] - |     TRAIN|         3|      4500|    33.638|0.00093117|
[ INFO : 2026-05-10 02:35:53,183 ] - |     TRAIN|         3|      4600|    33.631|0.00093071|
[ INFO : 2026-05-10 02:36:42,795 ] - |     TRAIN|         3|      4700|    33.629|0.00093025|
[ INFO : 2026-05-10 02:37:33,252 ] - |     TRAIN|         3|      4800|     33.63| 0.0009298|
[ INFO : 2026-05-10 02:38:22,930 ] - |     TRAIN|         3|      4900|    33.627|0.00092934|
[ INFO : 2026-05-10 02:39:12,230 ] - |     TRAIN|         3|      5000|    33.622|0.00092888|
/maduo/miniconda3/envs/wesep_py310_cu126/lib/python3.10/site-packages/torch/utils/data/_utils/pin_memory.py:57: DeprecationWarning: The argument 'device' of Tensor.pin_memory() is deprecated. Please do not pass this argument. (Triggered internally at /pytorch/aten/src/ATen/native/Memory.cpp:46.)
  return data.pin_memory(device)
/maduo/miniconda3/envs/wesep_py310_cu126/lib/python3.10/site-packages/torch/utils/data/_utils/pin_memory.py:57: DeprecationWarning: The argument 'device' of Tensor.is_pinned() is deprecated. Please do not pass this argument. (Triggered internally at /pytorch/aten/src/ATen/native/Memory.cpp:31.)
  return data.pin_memory(device)
[ INFO : 2026-05-10 02:40:36,014 ] - |       VAL|         3|       100|    33.658|         -|
[ INFO : 2026-05-10 02:41:49,892 ] - |       VAL|         3|       200|    33.755|         -|
[ INFO : 2026-05-10 02:42:59,016 ] - |       VAL|         3|       300|    33.734|         -|
[ INFO : 2026-05-10 02:44:09,369 ] - |       VAL|         3|       400|    33.737|         -|
[ INFO : 2026-05-10 02:45:20,328 ] - |       VAL|         3|       500|    33.733|         -|
[ INFO : 2026-05-10 02:46:29,869 ] - |       VAL|         3|       600|    33.708|         -|
[ INFO : 2026-05-10 02:47:40,269 ] - |       VAL|         3|       700|    33.685|         -|
[ INFO : 2026-05-10 02:48:52,264 ] - |       VAL|         3|       800|    33.692|         -|
[ INFO : 2026-05-10 02:50:06,092 ] - |       VAL|         3|       900|    33.723|         -|
[ INFO : 2026-05-10 02:51:18,165 ] - |       VAL|         3|      1000|    33.725|         -|
[ INFO : 2026-05-10 02:52:29,706 ] - |       VAL|         3|      1100|    33.721|         -|
[ INFO : 2026-05-10 02:53:40,919 ] - |       VAL|         3|      1200|    33.745|         -|
[ INFO : 2026-05-10 02:54:16,873 ] - Epoch 3 Train info train_loss 33.62208063850403
[ INFO : 2026-05-10 02:54:16,873 ] - Epoch 3 Val info val_loss 33.72411509399414
[ INFO : 2026-05-10 02:59:02,134 ] - |     TRAIN|         4|       100|    33.899|0.00092843|
[ INFO : 2026-05-10 02:59:53,886 ] - |     TRAIN|         4|       200|    33.706|0.00092797|
[ INFO : 2026-05-10 03:00:45,129 ] - |     TRAIN|         4|       300|    33.686|0.00092751|
[ INFO : 2026-05-10 03:01:36,031 ] - |     TRAIN|         4|       400|    33.633|0.00092706|
[ INFO : 2026-05-10 03:02:26,846 ] - |     TRAIN|         4|       500|    33.588| 0.0009266|
[ INFO : 2026-05-10 03:03:17,910 ] - |     TRAIN|         4|       600|    33.593|0.00092615|
[ INFO : 2026-05-10 03:04:09,732 ] - |     TRAIN|         4|       700|    33.563|0.00092569|
[ INFO : 2026-05-10 03:05:02,168 ] - |     TRAIN|         4|       800|     33.56|0.00092524|
[ INFO : 2026-05-10 03:05:53,946 ] - |     TRAIN|         4|       900|    33.582|0.00092478|
[ INFO : 2026-05-10 03:06:45,860 ] - |     TRAIN|         4|      1000|    33.565|0.00092433|
[ INFO : 2026-05-10 03:07:37,998 ] - |     TRAIN|         4|      1100|    33.574|0.00092387|
[ INFO : 2026-05-10 03:08:29,804 ] - |     TRAIN|         4|      1200|    33.554|0.00092342|
[ INFO : 2026-05-10 03:13:22,245 ] - |     TRAIN|         4|      1300|    33.524|0.00092296|
[ INFO : 2026-05-10 03:14:13,678 ] - |     TRAIN|         4|      1400|     33.51|0.00092251|
[ INFO : 2026-05-10 03:15:03,667 ] - |     TRAIN|         4|      1500|     33.52|0.00092205|
[ INFO : 2026-05-10 03:15:53,736 ] - |     TRAIN|         4|      1600|    33.522| 0.0009216|
[ INFO : 2026-05-10 03:16:43,410 ] - |     TRAIN|         4|      1700|    33.506|0.00092115|
[ INFO : 2026-05-10 03:17:33,213 ] - |     TRAIN|         4|      1800|    33.486| 0.0009207|
[ INFO : 2026-05-10 03:18:24,538 ] - |     TRAIN|         4|      1900|    33.484|0.00092024|
[ INFO : 2026-05-10 03:19:14,877 ] - |     TRAIN|         4|      2000|    33.476|0.00091979|
[ INFO : 2026-05-10 03:20:06,091 ] - |     TRAIN|         4|      2100|    33.464|0.00091934|
[ INFO : 2026-05-10 03:20:57,001 ] - |     TRAIN|         4|      2200|    33.458|0.00091889|
[ INFO : 2026-05-10 03:21:47,289 ] - |     TRAIN|         4|      2300|    33.437|0.00091843|
[ INFO : 2026-05-10 03:22:37,093 ] - |     TRAIN|         4|      2400|    33.441|0.00091798|
[ INFO : 2026-05-10 03:23:27,524 ] - |     TRAIN|         4|      2500|     33.44|0.00091753|
[ INFO : 2026-05-10 03:28:19,438 ] - |     TRAIN|         4|      2600|     33.44|0.00091708|
[ INFO : 2026-05-10 03:29:09,631 ] - |     TRAIN|         4|      2700|    33.447|0.00091663|
[ INFO : 2026-05-10 03:29:59,650 ] - |     TRAIN|         4|      2800|    33.462|0.00091618|
[ INFO : 2026-05-10 03:30:49,174 ] - |     TRAIN|         4|      2900|    33.472|0.00091573|
[ INFO : 2026-05-10 03:31:39,265 ] - |     TRAIN|         4|      3000|     33.49|0.00091528|
[ INFO : 2026-05-10 03:32:30,298 ] - |     TRAIN|         4|      3100|    33.488|0.00091483|
[ INFO : 2026-05-10 03:33:22,705 ] - |     TRAIN|         4|      3200|    33.486|0.00091438|
[ INFO : 2026-05-10 03:34:13,104 ] - |     TRAIN|         4|      3300|    33.489|0.00091393|
[ INFO : 2026-05-10 03:35:03,089 ] - |     TRAIN|         4|      3400|    33.487|0.00091348|
[ INFO : 2026-05-10 03:35:53,774 ] - |     TRAIN|         4|      3500|    33.485|0.00091303|
[ INFO : 2026-05-10 03:36:44,247 ] - |     TRAIN|         4|      3600|    33.487|0.00091258|
[ INFO : 2026-05-10 03:37:34,222 ] - |     TRAIN|         4|      3700|    33.491|0.00091213|
[ INFO : 2026-05-10 03:42:23,008 ] - |     TRAIN|         4|      3800|    33.489|0.00091168|
[ INFO : 2026-05-10 03:43:13,565 ] - |     TRAIN|         4|      3900|    33.492|0.00091123|
[ INFO : 2026-05-10 03:44:02,746 ] - |     TRAIN|         4|      4000|    33.493|0.00091079|
[ INFO : 2026-05-10 03:44:51,838 ] - |     TRAIN|         4|      4100|    33.492|0.00091034|
[ INFO : 2026-05-10 03:45:40,411 ] - |     TRAIN|         4|      4200|     33.49|0.00090989|
[ INFO : 2026-05-10 03:46:30,144 ] - |     TRAIN|         4|      4300|    33.497|0.00090944|
[ INFO : 2026-05-10 03:47:19,146 ] - |     TRAIN|         4|      4400|    33.501|  0.000909|
[ INFO : 2026-05-10 03:48:08,663 ] - |     TRAIN|         4|      4500|    33.505|0.00090855|
[ INFO : 2026-05-10 03:48:57,976 ] - |     TRAIN|         4|      4600|    33.499| 0.0009081|
[ INFO : 2026-05-10 03:49:47,467 ] - |     TRAIN|         4|      4700|    33.501|0.00090766|
[ INFO : 2026-05-10 03:50:37,313 ] - |     TRAIN|         4|      4800|    33.502|0.00090721|
[ INFO : 2026-05-10 03:51:26,788 ] - |     TRAIN|         4|      4900|    33.498|0.00090676|
[ INFO : 2026-05-10 03:52:16,403 ] - |     TRAIN|         4|      5000|    33.491|0.00090632|
/maduo/miniconda3/envs/wesep_py310_cu126/lib/python3.10/site-packages/torch/utils/data/_utils/pin_memory.py:57: DeprecationWarning: The argument 'device' of Tensor.pin_memory() is deprecated. Please do not pass this argument. (Triggered internally at /pytorch/aten/src/ATen/native/Memory.cpp:46.)
  return data.pin_memory(device)
/maduo/miniconda3/envs/wesep_py310_cu126/lib/python3.10/site-packages/torch/utils/data/_utils/pin_memory.py:57: DeprecationWarning: The argument 'device' of Tensor.is_pinned() is deprecated. Please do not pass this argument. (Triggered internally at /pytorch/aten/src/ATen/native/Memory.cpp:31.)
  return data.pin_memory(device)
[ INFO : 2026-05-10 03:53:40,363 ] - |       VAL|         4|       100|    33.281|         -|
[ INFO : 2026-05-10 03:54:51,978 ] - |       VAL|         4|       200|    33.423|         -|
[ INFO : 2026-05-10 03:56:04,172 ] - |       VAL|         4|       300|    33.448|         -|
[ INFO : 2026-05-10 03:57:16,676 ] - |       VAL|         4|       400|    33.467|         -|
[ INFO : 2026-05-10 03:58:28,044 ] - |       VAL|         4|       500|    33.481|         -|
[ INFO : 2026-05-10 03:59:37,190 ] - |       VAL|         4|       600|    33.488|         -|
[ INFO : 2026-05-10 04:00:49,721 ] - |       VAL|         4|       700|    33.513|         -|
[ INFO : 2026-05-10 04:02:03,300 ] - |       VAL|         4|       800|    33.546|         -|
[ INFO : 2026-05-10 04:03:14,087 ] - |       VAL|         4|       900|    33.525|         -|
[ INFO : 2026-05-10 04:04:25,196 ] - |       VAL|         4|      1000|    33.538|         -|
[ INFO : 2026-05-10 04:05:39,153 ] - |       VAL|         4|      1100|    33.526|         -|
[ INFO : 2026-05-10 04:06:49,130 ] - |       VAL|         4|      1200|    33.526|         -|
[ INFO : 2026-05-10 04:07:25,670 ] - Epoch 4 Train info train_loss 33.4910589794159
[ INFO : 2026-05-10 04:07:25,670 ] - Epoch 4 Val info val_loss 33.52330997314453
[ INFO : 2026-05-10 04:12:00,574 ] - |     TRAIN|         5|       100|    33.519|0.00090587|
[ INFO : 2026-05-10 04:12:52,483 ] - |     TRAIN|         5|       200|     33.53|0.00090543|
[ INFO : 2026-05-10 04:13:43,707 ] - |     TRAIN|         5|       300|    33.489|0.00090498|
[ INFO : 2026-05-10 04:14:34,713 ] - |     TRAIN|         5|       400|    33.411|0.00090454|
[ INFO : 2026-05-10 04:15:26,045 ] - |     TRAIN|         5|       500|    33.365|0.00090409|
[ INFO : 2026-05-10 04:16:16,893 ] - |     TRAIN|         5|       600|    33.341|0.00090365|
[ INFO : 2026-05-10 04:17:07,465 ] - |     TRAIN|         5|       700|    33.361| 0.0009032|
[ INFO : 2026-05-10 04:17:58,541 ] - |     TRAIN|         5|       800|    33.376|0.00090276|
[ INFO : 2026-05-10 04:18:48,989 ] - |     TRAIN|         5|       900|    33.391|0.00090231|
[ INFO : 2026-05-10 04:19:39,609 ] - |     TRAIN|         5|      1000|    33.387|0.00090187|
[ INFO : 2026-05-10 04:20:29,898 ] - |     TRAIN|         5|      1100|    33.395|0.00090143|
[ INFO : 2026-05-10 04:21:20,761 ] - |     TRAIN|         5|      1200|    33.399|0.00090098|
[ INFO : 2026-05-10 04:26:06,006 ] - |     TRAIN|         5|      1300|    33.434|0.00090054|
[ INFO : 2026-05-10 04:26:55,640 ] - |     TRAIN|         5|      1400|    33.452| 0.0009001|
[ INFO : 2026-05-10 04:27:45,077 ] - |     TRAIN|         5|      1500|     33.46|0.00089966|
[ INFO : 2026-05-10 04:28:34,509 ] - |     TRAIN|         5|      1600|    33.447|0.00089921|
[ INFO : 2026-05-10 04:29:24,312 ] - |     TRAIN|         5|      1700|    33.438|0.00089877|
[ INFO : 2026-05-10 04:30:13,310 ] - |     TRAIN|         5|      1800|     33.43|0.00089833|
[ INFO : 2026-05-10 04:31:02,745 ] - |     TRAIN|         5|      1900|     33.44|0.00089789|
[ INFO : 2026-05-10 04:31:53,291 ] - |     TRAIN|         5|      2000|    33.444|0.00089745|
[ INFO : 2026-05-10 04:32:42,539 ] - |     TRAIN|         5|      2100|    33.441|  0.000897|
[ INFO : 2026-05-10 04:33:32,308 ] - |     TRAIN|         5|      2200|    33.442|0.00089656|
[ INFO : 2026-05-10 04:34:22,395 ] - |     TRAIN|         5|      2300|    33.449|0.00089612|
[ INFO : 2026-05-10 04:35:12,284 ] - |     TRAIN|         5|      2400|    33.459|0.00089568|
[ INFO : 2026-05-10 04:36:01,862 ] - |     TRAIN|         5|      2500|    33.464|0.00089524|
[ INFO : 2026-05-10 04:40:40,059 ] - |     TRAIN|         5|      2600|    33.476| 0.0008948|
[ INFO : 2026-05-10 04:41:30,241 ] - |     TRAIN|         5|      2700|    33.466|0.00089436|
[ INFO : 2026-05-10 04:42:19,907 ] - |     TRAIN|         5|      2800|    33.466|0.00089392|
[ INFO : 2026-05-10 04:43:09,737 ] - |     TRAIN|         5|      2900|    33.467|0.00089348|
[ INFO : 2026-05-10 04:43:59,890 ] - |     TRAIN|         5|      3000|    33.465|0.00089304|
[ INFO : 2026-05-10 04:44:49,116 ] - |     TRAIN|         5|      3100|    33.465| 0.0008926|
[ INFO : 2026-05-10 04:45:38,632 ] - |     TRAIN|         5|      3200|    33.469|0.00089216|
[ INFO : 2026-05-10 04:46:28,283 ] - |     TRAIN|         5|      3300|    33.464|0.00089173|
[ INFO : 2026-05-10 04:47:18,098 ] - |     TRAIN|         5|      3400|    33.471|0.00089129|
[ INFO : 2026-05-10 04:48:07,546 ] - |     TRAIN|         5|      3500|    33.479|0.00089085|
[ INFO : 2026-05-10 04:48:56,842 ] - |     TRAIN|         5|      3600|    33.481|0.00089041|
[ INFO : 2026-05-10 04:49:47,360 ] - |     TRAIN|         5|      3700|    33.479|0.00088997|
[ INFO : 2026-05-10 04:54:27,798 ] - |     TRAIN|         5|      3800|    33.473|0.00088954|
[ INFO : 2026-05-10 04:55:16,788 ] - |     TRAIN|         5|      3900|    33.476| 0.0008891|
[ INFO : 2026-05-10 04:56:06,211 ] - |     TRAIN|         5|      4000|    33.479|0.00088866|
[ INFO : 2026-05-10 04:56:56,631 ] - |     TRAIN|         5|      4100|    33.479|0.00088822|
[ INFO : 2026-05-10 04:57:46,344 ] - |     TRAIN|         5|      4200|    33.475|0.00088779|
[ INFO : 2026-05-10 04:58:36,381 ] - |     TRAIN|         5|      4300|    33.471|0.00088735|
[ INFO : 2026-05-10 04:59:25,635 ] - |     TRAIN|         5|      4400|    33.477|0.00088691|
[ INFO : 2026-05-10 05:00:15,897 ] - |     TRAIN|         5|      4500|    33.475|0.00088648|
[ INFO : 2026-05-10 05:01:05,080 ] - |     TRAIN|         5|      4600|    33.471|0.00088604|
[ INFO : 2026-05-10 05:01:55,247 ] - |     TRAIN|         5|      4700|    33.465|0.00088561|
[ INFO : 2026-05-10 05:02:44,551 ] - |     TRAIN|         5|      4800|    33.469|0.00088517|
[ INFO : 2026-05-10 05:03:33,415 ] - |     TRAIN|         5|      4900|    33.477|0.00088474|
[ INFO : 2026-05-10 05:04:22,515 ] - |     TRAIN|         5|      5000|    33.482| 0.0008843|
/maduo/miniconda3/envs/wesep_py310_cu126/lib/python3.10/site-packages/torch/utils/data/_utils/pin_memory.py:57: DeprecationWarning: The argument 'device' of Tensor.pin_memory() is deprecated. Please do not pass this argument. (Triggered internally at /pytorch/aten/src/ATen/native/Memory.cpp:46.)
  return data.pin_memory(device)
/maduo/miniconda3/envs/wesep_py310_cu126/lib/python3.10/site-packages/torch/utils/data/_utils/pin_memory.py:57: DeprecationWarning: The argument 'device' of Tensor.is_pinned() is deprecated. Please do not pass this argument. (Triggered internally at /pytorch/aten/src/ATen/native/Memory.cpp:31.)
  return data.pin_memory(device)
[ INFO : 2026-05-10 05:05:44,440 ] - |       VAL|         5|       100|    33.665|         -|
[ INFO : 2026-05-10 05:06:49,167 ] - |       VAL|         5|       200|    33.614|         -|
[ INFO : 2026-05-10 05:07:55,938 ] - |       VAL|         5|       300|    33.558|         -|
[ INFO : 2026-05-10 05:09:06,374 ] - |       VAL|         5|       400|    33.576|         -|
[ INFO : 2026-05-10 05:10:17,933 ] - |       VAL|         5|       500|    33.562|         -|
[ INFO : 2026-05-10 05:11:27,509 ] - |       VAL|         5|       600|    33.569|         -|
[ INFO : 2026-05-10 05:12:37,609 ] - |       VAL|         5|       700|    33.552|         -|
[ INFO : 2026-05-10 05:13:49,420 ] - |       VAL|         5|       800|    33.576|         -|
[ INFO : 2026-05-10 05:14:59,777 ] - |       VAL|         5|       900|    33.574|         -|
[ INFO : 2026-05-10 05:16:07,378 ] - |       VAL|         5|      1000|    33.572|         -|
[ INFO : 2026-05-10 05:17:14,565 ] - |       VAL|         5|      1100|    33.564|         -|
[ INFO : 2026-05-10 05:18:22,428 ] - |       VAL|         5|      1200|    33.555|         -|
[ INFO : 2026-05-10 05:18:57,124 ] - Epoch 5 Train info train_loss 33.48228008270264
[ INFO : 2026-05-10 05:18:57,125 ] - Epoch 5 Val info val_loss 33.55996593475342
Traceback (most recent call last):
Traceback (most recent call last):
  File "/maduo/miniconda3/envs/wesep_py310_cu126/lib/python3.10/multiprocessing/queues.py", line 244, in _feed
    obj = _ForkingPickler.dumps(obj)
  File "/maduo/miniconda3/envs/wesep_py310_cu126/lib/python3.10/multiprocessing/queues.py", line 244, in _feed
    obj = _ForkingPickler.dumps(obj)
  File "/maduo/miniconda3/envs/wesep_py310_cu126/lib/python3.10/multiprocessing/reduction.py", line 51, in dumps
    cls(buf, protocol).dump(obj)
  File "/maduo/miniconda3/envs/wesep_py310_cu126/lib/python3.10/multiprocessing/reduction.py", line 51, in dumps
    cls(buf, protocol).dump(obj)
  File "/maduo/miniconda3/envs/wesep_py310_cu126/lib/python3.10/site-packages/torch/multiprocessing/reductions.py", line 604, in reduce_storage
    metadata = storage._share_filename_cpu_()
  File "/maduo/miniconda3/envs/wesep_py310_cu126/lib/python3.10/site-packages/torch/multiprocessing/reductions.py", line 604, in reduce_storage
    metadata = storage._share_filename_cpu_()
  File "/maduo/miniconda3/envs/wesep_py310_cu126/lib/python3.10/site-packages/torch/storage.py", line 449, in wrapper
    return fn(self, *args, **kwargs)
  File "/maduo/miniconda3/envs/wesep_py310_cu126/lib/python3.10/site-packages/torch/storage.py", line 449, in wrapper
    return fn(self, *args, **kwargs)
  File "/maduo/miniconda3/envs/wesep_py310_cu126/lib/python3.10/site-packages/torch/storage.py", line 528, in _share_filename_cpu_
    return super()._share_filename_cpu_(*args, **kwargs)
  File "/maduo/miniconda3/envs/wesep_py310_cu126/lib/python3.10/site-packages/torch/storage.py", line 528, in _share_filename_cpu_
    return super()._share_filename_cpu_(*args, **kwargs)
RuntimeError: unable to allocate shared memory(shm) for file </torch_77924_3587157941_5>: Resource temporarily unavailable (11)
RuntimeError: unable to allocate shared memory(shm) for file </torch_77920_2211974548_2>: Resource temporarily unavailable (11)
