nohup: ignoring input
/maduo/miniconda3/envs/wesep_py310_cu126/lib/python3.10/site-packages/kaldiio/__init__.py:2: UserWarning: pkg_resources is deprecated as an API. See https://setuptools.pypa.io/en/latest/pkg_resources.html. The pkg_resources package is slated for removal as early as 2025-11-30. Refrain from using this package or pin to Setuptools<81.
  import pkg_resources
2026-04-27 15:57:27 - INFO - [online_multi_dataset] VoxCeleb2-style scan: 5994 speakers, 1091725 clips
2026-04-27 15:57:28 - INFO - [online_multi_dataset] LRS3: lrs3_root ends with subset 'trainval' — scanning /F00120240032/lrs3/trainval directly (avoid .../trainval/trainval)
2026-04-27 15:57:30 - INFO - [online_multi_dataset] LRS3: subsets=('trainval',) -> 4004 speakers, 31982 clips (/F00120240032/lrs3/trainval)
2026-04-27 15:57:30 - INFO - [online_multi_dataset] Chinese_lips: splits=('train',) -> 175 speakers, 30341 clips (/F00120240032/Chinese_lips)
2026-04-27 15:57:30 - INFO - [online_multi_dataset] Chinese_lips: splits=('val',) -> 11 speakers, 1959 clips (/F00120240032/Chinese_lips)
2026-04-27 15:57:30 - INFO - [online_multi_dataset] merged train inventory: 8173 speakers, 932743 clips
2026-04-27 15:57:30 - INFO - [online_multi_dataset] merged val inventory: 2011 speakers, 223264 clips
2026-04-27 15:57:30 - INFO - tse_model: TSE_BSRNN_VISUAL, params: 34.00M
2026-04-27 15:57:30 - INFO - train: OnlineMixIterableDataset multi-source use_voxceleb2=True use_lrs3=True use_chinese_lips=True mp4_dir_of_voxceleb2='/F00120240032/voxceleb2_zk_mixture/mp4/train' lrs3_root='/F00120240032/lrs3/trainval' chinese_lips_root='/F00120240032/Chinese_lips' train_speaker_fraction=0.8 train_speakers=8173 val_speakers=2011 skip_visual_decode=False visual_resize=224 visual_spatial_size=(224, 224) visual_max_frames=75
2026-04-27 15:57:30 - INFO - Note: collate expands along speakers, so effective rows per micro-batch ≈ sum of num_speaker per mixture; 3–4-speaker mixes use more VRAM than offline with the same per_device_train_batch_size. Use --visual_max_frames, --visual_resize (multi-corpus), --num_speakers_distribution / --num_speakers_max, or --bf16 to reduce memory.
2026-04-27 15:57:30 - INFO - online val: train_mixtures/epoch=60000 val_mixtures/epoch=15000 (default ratio 20k:5k unless overridden)
2026-04-27 15:57:30 - INFO - loss: SISDR
2026-04-27 15:57:30 - INFO - epoch_iter: 10000, val_iter: 2500, num_train_epochs: 150.0
2026-04-27 15:57:30 - INFO - world_size: 1, batch_size/gpu: 6
2026-04-27 15:57:30 - INFO - DataLoader num_workers=2 (from TSETrainingArguments --dataloader_num_workers)
  0%|          | 0/750000 [00:00<?, ?it/s]2026-04-27 15:57:37 - WARNING - Multi-channel audio downmixed to mono (mean over channels) in parse_raw_single_spk
2026-04-27 15:57:48 - WARNING - Multi-channel audio downmixed to mono (mean over channels) in parse_raw_single_spk
E0427 17:14:12.378000 17199 site-packages/torch/distributed/elastic/multiprocessing/api.py:984] failed (exitcode: -9) local_rank: 0 (pid: 17239) of binary: /maduo/miniconda3/envs/wesep_py310_cu126/bin/python3.10
Traceback (most recent call last):
  File "/maduo/miniconda3/envs/wesep_py310_cu126/bin/torchrun", line 6, in <module>
    sys.exit(main())
  File "/maduo/miniconda3/envs/wesep_py310_cu126/lib/python3.10/site-packages/torch/distributed/elastic/multiprocessing/errors/__init__.py", line 362, in wrapper
    return f(*args, **kwargs)
  File "/maduo/miniconda3/envs/wesep_py310_cu126/lib/python3.10/site-packages/torch/distributed/run.py", line 991, in main
    run(args)
  File "/maduo/miniconda3/envs/wesep_py310_cu126/lib/python3.10/site-packages/torch/distributed/run.py", line 982, in run
    elastic_launch(
  File "/maduo/miniconda3/envs/wesep_py310_cu126/lib/python3.10/site-packages/torch/distributed/launcher/api.py", line 170, in __call__
    return launch_agent(self._config, self._entrypoint, list(args))
  File "/maduo/miniconda3/envs/wesep_py310_cu126/lib/python3.10/site-packages/torch/distributed/launcher/api.py", line 317, in launch_agent
    raise ChildFailedError(
torch.distributed.elastic.multiprocessing.errors.ChildFailedError: 
============================================================
wesep/bin/train_with_transformers_multi_data_online.py FAILED
------------------------------------------------------------
Failures:
  <NO_OTHER_FAILURES>
------------------------------------------------------------
Root Cause (first observed failure):
[0]:
  time      : 2026-04-27_17:14:12
  host      : 51jnr3bhnstft-0
  rank      : 0 (local_rank: 0)
  exitcode  : -9 (pid: 17239)
  error_file: <N/A>
  traceback : Signal 9 (SIGKILL) received by PID 17239
============================================================
