nohup: ignoring input
Start training ...
/maduo/miniconda3/envs/wesep_py310_cu126/lib/python3.10/site-packages/kaldiio/__init__.py:2: UserWarning: pkg_resources is deprecated as an API. See https://setuptools.pypa.io/en/latest/pkg_resources.html. The pkg_resources package is slated for removal as early as 2025-11-30. Refrain from using this package or pin to Setuptools<81.
  import pkg_resources
------------------- 0 1
[ INFO : 2026-05-13 11:14:57,264 ] - exp_dir is: /maduo/exp/wesep_wenet/TSE_BSRNN_VIS
[ INFO : 2026-05-13 11:14:57,265 ] - <== Passed Arguments ==>
[ INFO : 2026-05-13 11:14:57,267 ] - {'checkpoint': '/maduo/exp/wesep_wenet/TSE_BSRNN_VIS/models/latest_checkpoint.pt',
[ INFO : 2026-05-13 11:14:57,267 ] -  'clip_grad': 5.0,
[ INFO : 2026-05-13 11:14:57,267 ] -  'config': 'confs/tse_bsrnn_visual_sribd.yaml',
[ INFO : 2026-05-13 11:14:57,267 ] -  'data_type': 'raw',
[ INFO : 2026-05-13 11:14:57,268 ] -  'dataloader_args': {'batch_size': 4,
[ INFO : 2026-05-13 11:14:57,268 ] -                      'drop_last': True,
[ INFO : 2026-05-13 11:14:57,268 ] -                      'num_workers': 2,
[ INFO : 2026-05-13 11:14:57,268 ] -                      'pin_memory': True,
[ INFO : 2026-05-13 11:14:57,268 ] -                      'prefetch_factor': 2},
[ INFO : 2026-05-13 11:14:57,269 ] -  'dataset_args': {'chunk_len': 48000,
[ INFO : 2026-05-13 11:14:57,269 ] -                   'cue_processing': {'visual': None},
[ INFO : 2026-05-13 11:14:57,269 ] -                   'cues': {'visual': {'required': True, 'use': True}},
[ INFO : 2026-05-13 11:14:57,269 ] -                   'noise_lmdb_file': './data/musan/lmdb',
[ INFO : 2026-05-13 11:14:57,269 ] -                   'noise_prob': 0,
[ INFO : 2026-05-13 11:14:57,269 ] -                   'resample_rate': 16000,
[ INFO : 2026-05-13 11:14:57,269 ] -                   'sample_num_per_epoch': 0,
[ INFO : 2026-05-13 11:14:57,270 ] -                   'shuffle': True,
[ INFO : 2026-05-13 11:14:57,270 ] -                   'shuffle_args': {'shuffle_size': 2500}},
[ INFO : 2026-05-13 11:14:57,270 ] -  'enable_amp': False,
[ INFO : 2026-05-13 11:14:57,270 ] -  'exp_dir': '/maduo/exp/wesep_wenet/TSE_BSRNN_VIS',
[ INFO : 2026-05-13 11:14:57,270 ] -  'gpus': [0],
[ INFO : 2026-05-13 11:14:57,270 ] -  'log_batch_interval': 100,
[ INFO : 2026-05-13 11:14:57,270 ] -  'loss': 'SISDR',
[ INFO : 2026-05-13 11:14:57,270 ] -  'loss_args': {},
[ INFO : 2026-05-13 11:14:57,270 ] -  'model': {'tse_model': 'TSE_BSRNN_VISUAL'},
[ INFO : 2026-05-13 11:14:57,270 ] -  'model_args': {'tse_model': {'separator': {'causal': False,
[ INFO : 2026-05-13 11:14:57,270 ] -                                             'feature_dim': 128,
[ INFO : 2026-05-13 11:14:57,270 ] -                                             'nspk': 1,
[ INFO : 2026-05-13 11:14:57,270 ] -                                             'num_repeat': 6,
[ INFO : 2026-05-13 11:14:57,270 ] -                                             'sr': 16000,
[ INFO : 2026-05-13 11:14:57,271 ] -                                             'stride': 128,
[ INFO : 2026-05-13 11:14:57,271 ] -                                             'win': 512},
[ INFO : 2026-05-13 11:14:57,271 ] -                               'visual': {'features': {'muse_visual': {'enabled': True,
[ INFO : 2026-05-13 11:14:57,271 ] -                                                                       'fusion': 'concat',
[ INFO : 2026-05-13 11:14:57,271 ] -                                                                       'mix_dim': 128,
[ INFO : 2026-05-13 11:14:57,271 ] -                                                                       'upsample': True,
[ INFO : 2026-05-13 11:14:57,271 ] -                                                                       'vf_pretrained': '/maduo/codebase/wesep_wenet/examples/visual/voxceleb2mix/confs/visual_frontend.pt',
[ INFO : 2026-05-13 11:14:57,271 ] -                                                                       'vtcn_channels': 512,
[ INFO : 2026-05-13 11:14:57,271 ] -                                                                       'vtcn_layers': 5}}}}},
[ INFO : 2026-05-13 11:14:57,271 ] -  'model_init': {'discriminator': None, 'spk_model': None, 'tse_model': None},
[ INFO : 2026-05-13 11:14:57,271 ] -  'num_avg': True,
[ INFO : 2026-05-13 11:14:57,271 ] -  'num_epochs': 150,
[ INFO : 2026-05-13 11:14:57,271 ] -  'optimizer': {'tse_model': 'Adam'},
[ INFO : 2026-05-13 11:14:57,272 ] -  'optimizer_args': {'tse_model': {'lr': 0.001, 'weight_decay': 0.0001}},
[ INFO : 2026-05-13 11:14:57,272 ] -  'save_epoch_interval': 1,
[ INFO : 2026-05-13 11:14:57,272 ] -  'scheduler': {'tse_model': 'ExponentialDecrease'},
[ INFO : 2026-05-13 11:14:57,272 ] -  'scheduler_args': {'tse_model': {'final_lr': 2.5e-05,
[ INFO : 2026-05-13 11:14:57,272 ] -                                   'initial_lr': 0.001,
[ INFO : 2026-05-13 11:14:57,272 ] -                                   'warm_from_zero': False,
[ INFO : 2026-05-13 11:14:57,272 ] -                                   'warm_up_epoch': 0}},
[ INFO : 2026-05-13 11:14:57,272 ] -  'seed': 42,
[ INFO : 2026-05-13 11:14:57,272 ] -  'train_cues': '/maduo/exp/wesep_wenet/datasets/voxceleb2mix/data/clean/train/cues.yaml',
[ INFO : 2026-05-13 11:14:57,272 ] -  'train_data': '/maduo/exp/wesep_wenet/datasets/voxceleb2mix/data/clean/train/raw.list',
[ INFO : 2026-05-13 11:14:57,272 ] -  'train_samples': '/maduo/exp/wesep_wenet/datasets/voxceleb2mix/data/clean/train/samples.jsonl',
[ INFO : 2026-05-13 11:14:57,272 ] -  'val_cues': '/maduo/exp/wesep_wenet/datasets/voxceleb2mix/data/clean/val/cues.yaml',
[ INFO : 2026-05-13 11:14:57,272 ] -  'val_data': '/maduo/exp/wesep_wenet/datasets/voxceleb2mix/data/clean/val/raw.list',
[ INFO : 2026-05-13 11:14:57,272 ] -  'val_samples': '/maduo/exp/wesep_wenet/datasets/voxceleb2mix/data/clean/val/samples.jsonl'}
[ INFO : 2026-05-13 11:14:57,470 ] - <== Dataloaders ==>
[ INFO : 2026-05-13 11:14:57,470 ] - train dataloaders created
[ INFO : 2026-05-13 11:14:57,470 ] - epoch iteration number: 5000
[ INFO : 2026-05-13 11:14:57,470 ] - val iteration number: 1250
[ INFO : 2026-05-13 11:14:57,470 ] - <== Model ==>
[ INFO : 2026-05-13 11:14:57,837 ] - tse_model size: 34.00 M
[ INFO : 2026-05-13 11:14:57,841 ] - TSE_BSRNN_VISUAL(
[ INFO : 2026-05-13 11:14:57,841 ] -   (sep_model): BSRNN(
[ INFO : 2026-05-13 11:14:57,841 ] -     (stft): STFT()
[ INFO : 2026-05-13 11:14:57,841 ] -     (band_split): BandSplit()
[ INFO : 2026-05-13 11:14:57,841 ] -     (subband_norm): SubbandNorm(
[ INFO : 2026-05-13 11:14:57,841 ] -       (BN): ModuleList(
[ INFO : 2026-05-13 11:14:57,841 ] -         (0-14): 15 x Sequential(
[ INFO : 2026-05-13 11:14:57,841 ] -           (0): GroupNorm(1, 6, eps=1.1920928955078125e-07, affine=True)
[ INFO : 2026-05-13 11:14:57,841 ] -           (1): Conv1d(6, 128, kernel_size=(1,), stride=(1,))
[ INFO : 2026-05-13 11:14:57,841 ] -         )
[ INFO : 2026-05-13 11:14:57,841 ] -         (15-24): 10 x Sequential(
[ INFO : 2026-05-13 11:14:57,841 ] -           (0): GroupNorm(1, 12, eps=1.1920928955078125e-07, affine=True)
[ INFO : 2026-05-13 11:14:57,841 ] -           (1): Conv1d(12, 128, kernel_size=(1,), stride=(1,))
[ INFO : 2026-05-13 11:14:57,841 ] -         )
[ INFO : 2026-05-13 11:14:57,841 ] -         (25-29): 5 x Sequential(
[ INFO : 2026-05-13 11:14:57,842 ] -           (0): GroupNorm(1, 32, eps=1.1920928955078125e-07, affine=True)
[ INFO : 2026-05-13 11:14:57,842 ] -           (1): Conv1d(32, 128, kernel_size=(1,), stride=(1,))
[ INFO : 2026-05-13 11:14:57,842 ] -         )
[ INFO : 2026-05-13 11:14:57,842 ] -         (30): Sequential(
[ INFO : 2026-05-13 11:14:57,842 ] -           (0): GroupNorm(1, 128, eps=1.1920928955078125e-07, affine=True)
[ INFO : 2026-05-13 11:14:57,842 ] -           (1): Conv1d(128, 128, kernel_size=(1,), stride=(1,))
[ INFO : 2026-05-13 11:14:57,842 ] -         )
[ INFO : 2026-05-13 11:14:57,842 ] -         (31): Sequential(
[ INFO : 2026-05-13 11:14:57,842 ] -           (0): GroupNorm(1, 16, eps=1.1920928955078125e-07, affine=True)
[ INFO : 2026-05-13 11:14:57,842 ] -           (1): Conv1d(16, 128, kernel_size=(1,), stride=(1,))
[ INFO : 2026-05-13 11:14:57,842 ] -         )
[ INFO : 2026-05-13 11:14:57,842 ] -       )
[ INFO : 2026-05-13 11:14:57,842 ] -     )
[ INFO : 2026-05-13 11:14:57,842 ] -     (separator): BSRNN_Separator(
[ INFO : 2026-05-13 11:14:57,842 ] -       (separation): ModuleList(
[ INFO : 2026-05-13 11:14:57,842 ] -         (0-5): 6 x BSNet(
[ INFO : 2026-05-13 11:14:57,842 ] -           (band_rnn): ResRNN(
[ INFO : 2026-05-13 11:14:57,842 ] -             (norm): GroupNorm(1, 128, eps=1e-05, affine=True)
[ INFO : 2026-05-13 11:14:57,842 ] -             (rnn): LSTM(128, 256, batch_first=True, bidirectional=True)
[ INFO : 2026-05-13 11:14:57,843 ] -             (proj): Linear(in_features=512, out_features=128, bias=True)
[ INFO : 2026-05-13 11:14:57,843 ] -           )
[ INFO : 2026-05-13 11:14:57,843 ] -           (band_comm): ResRNN(
[ INFO : 2026-05-13 11:14:57,843 ] -             (norm): GroupNorm(1, 128, eps=1e-05, affine=True)
[ INFO : 2026-05-13 11:14:57,843 ] -             (rnn): LSTM(128, 256, batch_first=True, bidirectional=True)
[ INFO : 2026-05-13 11:14:57,843 ] -             (proj): Linear(in_features=512, out_features=128, bias=True)
[ INFO : 2026-05-13 11:14:57,843 ] -           )
[ INFO : 2026-05-13 11:14:57,843 ] -         )
[ INFO : 2026-05-13 11:14:57,843 ] -       )
[ INFO : 2026-05-13 11:14:57,843 ] -     )
[ INFO : 2026-05-13 11:14:57,843 ] -     (band_masker): BandMasker(
[ INFO : 2026-05-13 11:14:57,843 ] -       (mask): ModuleList(
[ INFO : 2026-05-13 11:14:57,843 ] -         (0-14): 15 x Sequential(
[ INFO : 2026-05-13 11:14:57,843 ] -           (0): GroupNorm(1, 128, eps=1.1920928955078125e-07, affine=True)
[ INFO : 2026-05-13 11:14:57,843 ] -           (1): Conv1d(128, 512, kernel_size=(1,), stride=(1,))
[ INFO : 2026-05-13 11:14:57,843 ] -           (2): Tanh()
[ INFO : 2026-05-13 11:14:57,843 ] -           (3): Conv1d(512, 512, kernel_size=(1,), stride=(1,))
[ INFO : 2026-05-13 11:14:57,843 ] -           (4): Tanh()
[ INFO : 2026-05-13 11:14:57,844 ] -           (5): Conv1d(512, 12, kernel_size=(1,), stride=(1,))
[ INFO : 2026-05-13 11:14:57,844 ] -         )
[ INFO : 2026-05-13 11:14:57,844 ] -         (15-24): 10 x Sequential(
[ INFO : 2026-05-13 11:14:57,844 ] -           (0): GroupNorm(1, 128, eps=1.1920928955078125e-07, affine=True)
[ INFO : 2026-05-13 11:14:57,844 ] -           (1): Conv1d(128, 512, kernel_size=(1,), stride=(1,))
[ INFO : 2026-05-13 11:14:57,844 ] -           (2): Tanh()
[ INFO : 2026-05-13 11:14:57,844 ] -           (3): Conv1d(512, 512, kernel_size=(1,), stride=(1,))
[ INFO : 2026-05-13 11:14:57,844 ] -           (4): Tanh()
[ INFO : 2026-05-13 11:14:57,844 ] -           (5): Conv1d(512, 24, kernel_size=(1,), stride=(1,))
[ INFO : 2026-05-13 11:14:57,844 ] -         )
[ INFO : 2026-05-13 11:14:57,844 ] -         (25-29): 5 x Sequential(
[ INFO : 2026-05-13 11:14:57,844 ] -           (0): GroupNorm(1, 128, eps=1.1920928955078125e-07, affine=True)
[ INFO : 2026-05-13 11:14:57,844 ] -           (1): Conv1d(128, 512, kernel_size=(1,), stride=(1,))
[ INFO : 2026-05-13 11:14:57,844 ] -           (2): Tanh()
[ INFO : 2026-05-13 11:14:57,844 ] -           (3): Conv1d(512, 512, kernel_size=(1,), stride=(1,))
[ INFO : 2026-05-13 11:14:57,844 ] -           (4): Tanh()
[ INFO : 2026-05-13 11:14:57,844 ] -           (5): Conv1d(512, 64, kernel_size=(1,), stride=(1,))
[ INFO : 2026-05-13 11:14:57,844 ] -         )
[ INFO : 2026-05-13 11:14:57,844 ] -         (30): Sequential(
[ INFO : 2026-05-13 11:14:57,844 ] -           (0): GroupNorm(1, 128, eps=1.1920928955078125e-07, affine=True)
[ INFO : 2026-05-13 11:14:57,844 ] -           (1): Conv1d(128, 512, kernel_size=(1,), stride=(1,))
[ INFO : 2026-05-13 11:14:57,844 ] -           (2): Tanh()
[ INFO : 2026-05-13 11:14:57,844 ] -           (3): Conv1d(512, 512, kernel_size=(1,), stride=(1,))
[ INFO : 2026-05-13 11:14:57,844 ] -           (4): Tanh()
[ INFO : 2026-05-13 11:14:57,844 ] -           (5): Conv1d(512, 256, kernel_size=(1,), stride=(1,))
[ INFO : 2026-05-13 11:14:57,844 ] -         )
[ INFO : 2026-05-13 11:14:57,844 ] -         (31): Sequential(
[ INFO : 2026-05-13 11:14:57,844 ] -           (0): GroupNorm(1, 128, eps=1.1920928955078125e-07, affine=True)
[ INFO : 2026-05-13 11:14:57,844 ] -           (1): Conv1d(128, 512, kernel_size=(1,), stride=(1,))
[ INFO : 2026-05-13 11:14:57,845 ] -           (2): Tanh()
[ INFO : 2026-05-13 11:14:57,845 ] -           (3): Conv1d(512, 512, kernel_size=(1,), stride=(1,))
[ INFO : 2026-05-13 11:14:57,845 ] -           (4): Tanh()
[ INFO : 2026-05-13 11:14:57,845 ] -           (5): Conv1d(512, 32, kernel_size=(1,), stride=(1,))
[ INFO : 2026-05-13 11:14:57,845 ] -         )
[ INFO : 2026-05-13 11:14:57,845 ] -       )
[ INFO : 2026-05-13 11:14:57,845 ] -     )
[ INFO : 2026-05-13 11:14:57,845 ] -     (istft): iSTFT()
[ INFO : 2026-05-13 11:14:57,845 ] -   )
[ INFO : 2026-05-13 11:14:57,845 ] -   (visual_ft): VisualFrontend(
[ INFO : 2026-05-13 11:14:57,845 ] -     (features): ModuleDict(
[ INFO : 2026-05-13 11:14:57,845 ] -       (muse_visual): MuseVisualFeature(
[ INFO : 2026-05-13 11:14:57,845 ] -         (roi): Muse_LipROIProcessor()
[ INFO : 2026-05-13 11:14:57,845 ] -         (visual_frontend): Muse_VisualFrontend(
[ INFO : 2026-05-13 11:14:57,845 ] -           (frontend3D): Sequential(
[ INFO : 2026-05-13 11:14:57,845 ] -             (0): Conv3d(1, 64, kernel_size=(5, 7, 7), stride=(1, 2, 2), padding=(2, 3, 3), bias=False)
[ INFO : 2026-05-13 11:14:57,845 ] -             (1): BatchNorm3d(64, eps=0.001, momentum=0.01, affine=True, track_running_stats=True)
[ INFO : 2026-05-13 11:14:57,845 ] -             (2): ReLU()
[ INFO : 2026-05-13 11:14:57,845 ] -             (3): MaxPool3d(kernel_size=(1, 3, 3), stride=(1, 2, 2), padding=(0, 1, 1), dilation=1, ceil_mode=False)
[ INFO : 2026-05-13 11:14:57,845 ] -           )
[ INFO : 2026-05-13 11:14:57,845 ] -           (resnet): ResNet(
[ INFO : 2026-05-13 11:14:57,845 ] -             (layer1): ResNetLayer(
[ INFO : 2026-05-13 11:14:57,845 ] -               (conv1a): Conv2d(64, 64, kernel_size=(3, 3), stride=(1, 1), padding=(1, 1), bias=False)
[ INFO : 2026-05-13 11:14:57,845 ] -               (bn1a): BatchNorm2d(64, eps=0.001, momentum=0.01, affine=True, track_running_stats=True)
[ INFO : 2026-05-13 11:14:57,845 ] -               (conv2a): Conv2d(64, 64, kernel_size=(3, 3), stride=(1, 1), padding=(1, 1), bias=False)
[ INFO : 2026-05-13 11:14:57,845 ] -               (downsample): Conv2d(64, 64, kernel_size=(1, 1), stride=(1, 1), bias=False)
[ INFO : 2026-05-13 11:14:57,845 ] -               (outbna): BatchNorm2d(64, eps=0.001, momentum=0.01, affine=True, track_running_stats=True)
[ INFO : 2026-05-13 11:14:57,845 ] -               (conv1b): Conv2d(64, 64, kernel_size=(3, 3), stride=(1, 1), padding=(1, 1), bias=False)
[ INFO : 2026-05-13 11:14:57,845 ] -               (bn1b): BatchNorm2d(64, eps=0.001, momentum=0.01, affine=True, track_running_stats=True)
[ INFO : 2026-05-13 11:14:57,845 ] -               (conv2b): Conv2d(64, 64, kernel_size=(3, 3), stride=(1, 1), padding=(1, 1), bias=False)
[ INFO : 2026-05-13 11:14:57,846 ] -               (outbnb): BatchNorm2d(64, eps=0.001, momentum=0.01, affine=True, track_running_stats=True)
[ INFO : 2026-05-13 11:14:57,846 ] -             )
[ INFO : 2026-05-13 11:14:57,846 ] -             (layer2): ResNetLayer(
[ INFO : 2026-05-13 11:14:57,846 ] -               (conv1a): Conv2d(64, 128, kernel_size=(3, 3), stride=(2, 2), padding=(1, 1), bias=False)
[ INFO : 2026-05-13 11:14:57,846 ] -               (bn1a): BatchNorm2d(128, eps=0.001, momentum=0.01, affine=True, track_running_stats=True)
[ INFO : 2026-05-13 11:14:57,846 ] -               (conv2a): Conv2d(128, 128, kernel_size=(3, 3), stride=(1, 1), padding=(1, 1), bias=False)
[ INFO : 2026-05-13 11:14:57,846 ] -               (downsample): Conv2d(64, 128, kernel_size=(1, 1), stride=(2, 2), bias=False)
[ INFO : 2026-05-13 11:14:57,846 ] -               (outbna): BatchNorm2d(128, eps=0.001, momentum=0.01, affine=True, track_running_stats=True)
[ INFO : 2026-05-13 11:14:57,846 ] -               (conv1b): Conv2d(128, 128, kernel_size=(3, 3), stride=(1, 1), padding=(1, 1), bias=False)
[ INFO : 2026-05-13 11:14:57,846 ] -               (bn1b): BatchNorm2d(128, eps=0.001, momentum=0.01, affine=True, track_running_stats=True)
[ INFO : 2026-05-13 11:14:57,846 ] -               (conv2b): Conv2d(128, 128, kernel_size=(3, 3), stride=(1, 1), padding=(1, 1), bias=False)
[ INFO : 2026-05-13 11:14:57,846 ] -               (outbnb): BatchNorm2d(128, eps=0.001, momentum=0.01, affine=True, track_running_stats=True)
[ INFO : 2026-05-13 11:14:57,846 ] -             )
[ INFO : 2026-05-13 11:14:57,846 ] -             (layer3): ResNetLayer(
[ INFO : 2026-05-13 11:14:57,846 ] -               (conv1a): Conv2d(128, 256, kernel_size=(3, 3), stride=(2, 2), padding=(1, 1), bias=False)
[ INFO : 2026-05-13 11:14:57,846 ] -               (bn1a): BatchNorm2d(256, eps=0.001, momentum=0.01, affine=True, track_running_stats=True)
[ INFO : 2026-05-13 11:14:57,846 ] -               (conv2a): Conv2d(256, 256, kernel_size=(3, 3), stride=(1, 1), padding=(1, 1), bias=False)
[ INFO : 2026-05-13 11:14:57,846 ] -               (downsample): Conv2d(128, 256, kernel_size=(1, 1), stride=(2, 2), bias=False)
[ INFO : 2026-05-13 11:14:57,846 ] -               (outbna): BatchNorm2d(256, eps=0.001, momentum=0.01, affine=True, track_running_stats=True)
[ INFO : 2026-05-13 11:14:57,846 ] -               (conv1b): Conv2d(256, 256, kernel_size=(3, 3), stride=(1, 1), padding=(1, 1), bias=False)
[ INFO : 2026-05-13 11:14:57,846 ] -               (bn1b): BatchNorm2d(256, eps=0.001, momentum=0.01, affine=True, track_running_stats=True)
[ INFO : 2026-05-13 11:14:57,846 ] -               (conv2b): Conv2d(256, 256, kernel_size=(3, 3), stride=(1, 1), padding=(1, 1), bias=False)
[ INFO : 2026-05-13 11:14:57,846 ] -               (outbnb): BatchNorm2d(256, eps=0.001, momentum=0.01, affine=True, track_running_stats=True)
[ INFO : 2026-05-13 11:14:57,846 ] -             )
[ INFO : 2026-05-13 11:14:57,846 ] -             (layer4): ResNetLayer(
[ INFO : 2026-05-13 11:14:57,846 ] -               (conv1a): Conv2d(256, 512, kernel_size=(3, 3), stride=(2, 2), padding=(1, 1), bias=False)
[ INFO : 2026-05-13 11:14:57,846 ] -               (bn1a): BatchNorm2d(512, eps=0.001, momentum=0.01, affine=True, track_running_stats=True)
[ INFO : 2026-05-13 11:14:57,846 ] -               (conv2a): Conv2d(512, 512, kernel_size=(3, 3), stride=(1, 1), padding=(1, 1), bias=False)
[ INFO : 2026-05-13 11:14:57,846 ] -               (downsample): Conv2d(256, 512, kernel_size=(1, 1), stride=(2, 2), bias=False)
[ INFO : 2026-05-13 11:14:57,846 ] -               (outbna): BatchNorm2d(512, eps=0.001, momentum=0.01, affine=True, track_running_stats=True)
[ INFO : 2026-05-13 11:14:57,847 ] -               (conv1b): Conv2d(512, 512, kernel_size=(3, 3), stride=(1, 1), padding=(1, 1), bias=False)
[ INFO : 2026-05-13 11:14:57,847 ] -               (bn1b): BatchNorm2d(512, eps=0.001, momentum=0.01, affine=True, track_running_stats=True)
[ INFO : 2026-05-13 11:14:57,847 ] -               (conv2b): Conv2d(512, 512, kernel_size=(3, 3), stride=(1, 1), padding=(1, 1), bias=False)
[ INFO : 2026-05-13 11:14:57,847 ] -               (outbnb): BatchNorm2d(512, eps=0.001, momentum=0.01, affine=True, track_running_stats=True)
[ INFO : 2026-05-13 11:14:57,847 ] -             )
[ INFO : 2026-05-13 11:14:57,847 ] -             (avgpool): AvgPool2d(kernel_size=(4, 4), stride=(1, 1), padding=0)
[ INFO : 2026-05-13 11:14:57,847 ] -           )
[ INFO : 2026-05-13 11:14:57,847 ] -         )
[ INFO : 2026-05-13 11:14:57,847 ] -         (vtcn): Sequential(
[ INFO : 2026-05-13 11:14:57,847 ] -           (0): Muse_VisualConv1D(
[ INFO : 2026-05-13 11:14:57,847 ] -             (net): Sequential(
[ INFO : 2026-05-13 11:14:57,847 ] -               (0): ReLU()
[ INFO : 2026-05-13 11:14:57,847 ] -               (1): BatchNorm1d(512, eps=1e-05, momentum=0.1, affine=True, track_running_stats=True)
[ INFO : 2026-05-13 11:14:57,847 ] -               (2): Conv1d(512, 512, kernel_size=(3,), stride=(1,), padding=(1,), groups=512, bias=False)
[ INFO : 2026-05-13 11:14:57,847 ] -               (3): PReLU(num_parameters=1)
[ INFO : 2026-05-13 11:14:57,847 ] -               (4): BatchNorm1d(512, eps=1e-05, momentum=0.1, affine=True, track_running_stats=True)
[ INFO : 2026-05-13 11:14:57,847 ] -               (5): Conv1d(512, 512, kernel_size=(1,), stride=(1,), bias=False)
[ INFO : 2026-05-13 11:14:57,847 ] -             )
[ INFO : 2026-05-13 11:14:57,847 ] -           )
[ INFO : 2026-05-13 11:14:57,847 ] -           (1): Muse_VisualConv1D(
[ INFO : 2026-05-13 11:14:57,847 ] -             (net): Sequential(
[ INFO : 2026-05-13 11:14:57,847 ] -               (0): ReLU()
[ INFO : 2026-05-13 11:14:57,847 ] -               (1): BatchNorm1d(512, eps=1e-05, momentum=0.1, affine=True, track_running_stats=True)
[ INFO : 2026-05-13 11:14:57,847 ] -               (2): Conv1d(512, 512, kernel_size=(3,), stride=(1,), padding=(1,), groups=512, bias=False)
[ INFO : 2026-05-13 11:14:57,847 ] -               (3): PReLU(num_parameters=1)
[ INFO : 2026-05-13 11:14:57,847 ] -               (4): BatchNorm1d(512, eps=1e-05, momentum=0.1, affine=True, track_running_stats=True)
[ INFO : 2026-05-13 11:14:57,847 ] -               (5): Conv1d(512, 512, kernel_size=(1,), stride=(1,), bias=False)
[ INFO : 2026-05-13 11:14:57,847 ] -             )
[ INFO : 2026-05-13 11:14:57,847 ] -           )
[ INFO : 2026-05-13 11:14:57,847 ] -           (2): Muse_VisualConv1D(
[ INFO : 2026-05-13 11:14:57,848 ] -             (net): Sequential(
[ INFO : 2026-05-13 11:14:57,848 ] -               (0): ReLU()
[ INFO : 2026-05-13 11:14:57,848 ] -               (1): BatchNorm1d(512, eps=1e-05, momentum=0.1, affine=True, track_running_stats=True)
[ INFO : 2026-05-13 11:14:57,848 ] -               (2): Conv1d(512, 512, kernel_size=(3,), stride=(1,), padding=(1,), groups=512, bias=False)
[ INFO : 2026-05-13 11:14:57,848 ] -               (3): PReLU(num_parameters=1)
[ INFO : 2026-05-13 11:14:57,848 ] -               (4): BatchNorm1d(512, eps=1e-05, momentum=0.1, affine=True, track_running_stats=True)
[ INFO : 2026-05-13 11:14:57,848 ] -               (5): Conv1d(512, 512, kernel_size=(1,), stride=(1,), bias=False)
[ INFO : 2026-05-13 11:14:57,848 ] -             )
[ INFO : 2026-05-13 11:14:57,848 ] -           )
[ INFO : 2026-05-13 11:14:57,848 ] -           (3): Muse_VisualConv1D(
[ INFO : 2026-05-13 11:14:57,848 ] -             (net): Sequential(
[ INFO : 2026-05-13 11:14:57,848 ] -               (0): ReLU()
[ INFO : 2026-05-13 11:14:57,848 ] -               (1): BatchNorm1d(512, eps=1e-05, momentum=0.1, affine=True, track_running_stats=True)
[ INFO : 2026-05-13 11:14:57,848 ] -               (2): Conv1d(512, 512, kernel_size=(3,), stride=(1,), padding=(1,), groups=512, bias=False)
[ INFO : 2026-05-13 11:14:57,848 ] -               (3): PReLU(num_parameters=1)
[ INFO : 2026-05-13 11:14:57,848 ] -               (4): BatchNorm1d(512, eps=1e-05, momentum=0.1, affine=True, track_running_stats=True)
[ INFO : 2026-05-13 11:14:57,848 ] -               (5): Conv1d(512, 512, kernel_size=(1,), stride=(1,), bias=False)
[ INFO : 2026-05-13 11:14:57,848 ] -             )
[ INFO : 2026-05-13 11:14:57,848 ] -           )
[ INFO : 2026-05-13 11:14:57,848 ] -           (4): Muse_VisualConv1D(
[ INFO : 2026-05-13 11:14:57,848 ] -             (net): Sequential(
[ INFO : 2026-05-13 11:14:57,848 ] -               (0): ReLU()
[ INFO : 2026-05-13 11:14:57,848 ] -               (1): BatchNorm1d(512, eps=1e-05, momentum=0.1, affine=True, track_running_stats=True)
[ INFO : 2026-05-13 11:14:57,848 ] -               (2): Conv1d(512, 512, kernel_size=(3,), stride=(1,), padding=(1,), groups=512, bias=False)
[ INFO : 2026-05-13 11:14:57,848 ] -               (3): PReLU(num_parameters=1)
[ INFO : 2026-05-13 11:14:57,848 ] -               (4): BatchNorm1d(512, eps=1e-05, momentum=0.1, affine=True, track_running_stats=True)
[ INFO : 2026-05-13 11:14:57,848 ] -               (5): Conv1d(512, 512, kernel_size=(1,), stride=(1,), bias=False)
[ INFO : 2026-05-13 11:14:57,848 ] -             )
[ INFO : 2026-05-13 11:14:57,848 ] -           )
[ INFO : 2026-05-13 11:14:57,848 ] -         )
[ INFO : 2026-05-13 11:14:57,848 ] -         (fusionLayer): SpeakerFuseLayer(
[ INFO : 2026-05-13 11:14:57,849 ] -           (fc): LinearLayer(
[ INFO : 2026-05-13 11:14:57,849 ] -             (linear): Linear(in_features=640, out_features=128, bias=True)
[ INFO : 2026-05-13 11:14:57,849 ] -           )
[ INFO : 2026-05-13 11:14:57,849 ] -         )
[ INFO : 2026-05-13 11:14:57,849 ] -       )
[ INFO : 2026-05-13 11:14:57,849 ] -     )
[ INFO : 2026-05-13 11:14:57,849 ] -   )
[ INFO : 2026-05-13 11:14:57,849 ] - )
[ INFO : 2026-05-13 11:14:58,369 ] - <== TSE Model Loss ==>
[ INFO : 2026-05-13 11:14:58,369 ] - loss criterion is: SISDR
[ INFO : 2026-05-13 11:14:58,372 ] - <== TSE Model Optimizer ==>
[ INFO : 2026-05-13 11:14:58,372 ] - optimizer is: Adam
[ INFO : 2026-05-13 11:14:58,373 ] - <== TSE Model Scheduler ==>
[ INFO : 2026-05-13 11:14:58,373 ] - scheduler is: ExponentialDecrease
/maduo/codebase/wesep_wenet/examples/visual/voxceleb2mix/wesep/bin/train.py:264: FutureWarning: `torch.cuda.amp.GradScaler(args...)` is deprecated. Please use `torch.amp.GradScaler('cuda', args...)` instead.
  scaler = torch.cuda.amp.GradScaler(enabled=configs["enable_amp"])
[ INFO : 2026-05-13 11:14:59,528 ] - Load checkpoint: /maduo/exp/wesep_wenet/TSE_BSRNN_VIS/models/checkpoint_23.pt
[ INFO : 2026-05-13 11:14:59,528 ] - start_epoch: 24
[ INFO : 2026-05-13 11:14:59,534 ] - <========== Training process ==========>
[ INFO : 2026-05-13 11:14:59,534 ] - +----------+----------+----------+----------+----------+
[ INFO : 2026-05-13 11:14:59,534 ] - | Train/Val|     Epoch|      iter|      Loss|        LR|
[ INFO : 2026-05-13 11:14:59,534 ] - +----------+----------+----------+----------+----------+
[ WARNING : 2026-05-13 11:19:20,964 ] - Failed to read video: /F00120240032/voxceleb2_zk_mixture/mixture/../mp4/train/id02021/v_D4upzY88U/00447.mp4, err=CUDA error: initialization error
Search for `cudaErrorInitializationError' in https://docs.nvidia.com/cuda/cuda-runtime-api/group__CUDART__TYPES.html for more information.
CUDA kernel errors might be asynchronously reported at some other API call, so the stacktrace below might be incorrect.
For debugging consider passing CUDA_LAUNCH_BLOCKING=1
Compile with `TORCH_USE_CUDA_DSA` to enable device-side assertions.

[ WARNING : 2026-05-13 11:19:25,220 ] - Failed to read video: /F00120240032/voxceleb2_zk_mixture/mixture/../mp4/train/id04265/GXHs3QzxwVM/00125.mp4, err=CUDA error: initialization error
Search for `cudaErrorInitializationError' in https://docs.nvidia.com/cuda/cuda-runtime-api/group__CUDART__TYPES.html for more information.
CUDA kernel errors might be asynchronously reported at some other API call, so the stacktrace below might be incorrect.
For debugging consider passing CUDA_LAUNCH_BLOCKING=1
Compile with `TORCH_USE_CUDA_DSA` to enable device-side assertions.

[rank0]: Traceback (most recent call last):
[rank0]:   File "/maduo/codebase/wesep_wenet/examples/visual/voxceleb2mix/wesep/bin/train.py", line 390, in <module>
[rank0]:     fire.Fire(train)
[rank0]:   File "/maduo/miniconda3/envs/wesep_py310_cu126/lib/python3.10/site-packages/fire/core.py", line 141, in Fire
[rank0]:     component_trace = _Fire(component, args, parsed_flag_args, context, name)
[rank0]:   File "/maduo/miniconda3/envs/wesep_py310_cu126/lib/python3.10/site-packages/fire/core.py", line 466, in _Fire
[rank0]:     component, remaining_args = _CallAndUpdateTrace(
[rank0]:   File "/maduo/miniconda3/envs/wesep_py310_cu126/lib/python3.10/site-packages/fire/core.py", line 681, in _CallAndUpdateTrace
[rank0]:     component = fn(*varargs, **kwargs)
[rank0]:   File "/maduo/codebase/wesep_wenet/examples/visual/voxceleb2mix/wesep/bin/train.py", line 302, in train
[rank0]:     train_loss, _ = executor.train(
[rank0]:   File "/maduo/codebase/wesep_wenet/examples/visual/voxceleb2mix/wesep/utils/executor.py", line 104, in train
[rank0]:     for i, batch in enumerate(dataloader):
[rank0]:   File "/maduo/miniconda3/envs/wesep_py310_cu126/lib/python3.10/site-packages/torch/utils/data/dataloader.py", line 741, in __next__
[rank0]:     data = self._next_data()
[rank0]:   File "/maduo/miniconda3/envs/wesep_py310_cu126/lib/python3.10/site-packages/torch/utils/data/dataloader.py", line 1548, in _next_data
[rank0]:     return self._process_data(data, worker_id)
[rank0]:   File "/maduo/miniconda3/envs/wesep_py310_cu126/lib/python3.10/site-packages/torch/utils/data/dataloader.py", line 1586, in _process_data
[rank0]:     data.reraise()
[rank0]:   File "/maduo/miniconda3/envs/wesep_py310_cu126/lib/python3.10/site-packages/torch/_utils.py", line 775, in reraise
[rank0]:     raise exception
[rank0]: torch.AcceleratorError: Caught AcceleratorError in DataLoader worker process 0.
[rank0]: Original Traceback (most recent call last):
[rank0]:   File "/maduo/miniconda3/envs/wesep_py310_cu126/lib/python3.10/site-packages/torch/utils/data/_utils/worker.py", line 358, in _worker_loop
[rank0]:     data = fetcher.fetch(index)  # type: ignore[possibly-undefined]
[rank0]:   File "/maduo/miniconda3/envs/wesep_py310_cu126/lib/python3.10/site-packages/torch/utils/data/_utils/fetch.py", line 35, in fetch
[rank0]:     data.append(next(self.dataset_iter))
[rank0]:   File "/maduo/codebase/wesep_wenet/examples/visual/voxceleb2mix/wesep/dataset/processor_visual.py", line 268, in sample_fixed_visual_cue
[rank0]:     video, _, info = read_video_with_torchcodec(
[rank0]:   File "/maduo/codebase/wesep_wenet/examples/visual/voxceleb2mix/wesep/dataset/processor_visual.py", line 97, in read_video_with_torchcodec
[rank0]:     decoder = VideoDecoder(video_path, seek_mode="exact", device=dev)
[rank0]:   File "/maduo/miniconda3/envs/wesep_py310_cu126/lib/python3.10/site-packages/torchcodec/decoders/_video_decoder.py", line 233, in __init__
[rank0]:     core.add_video_stream(
[rank0]:   File "/maduo/miniconda3/envs/wesep_py310_cu126/lib/python3.10/site-packages/torch/_ops.py", line 819, in __call__
[rank0]:     return self._op(*args, **kwargs)
[rank0]: torch.AcceleratorError: CUDA error: initialization error
[rank0]: Search for `cudaErrorInitializationError' in https://docs.nvidia.com/cuda/cuda-runtime-api/group__CUDART__TYPES.html for more information.
[rank0]: CUDA kernel errors might be asynchronously reported at some other API call, so the stacktrace below might be incorrect.
[rank0]: For debugging consider passing CUDA_LAUNCH_BLOCKING=1
[rank0]: Compile with `TORCH_USE_CUDA_DSA` to enable device-side assertions.


[rank0]:[W513 11:19:26.389184139 ProcessGroupNCCL.cpp:1553] Warning: WARNING: destroy_process_group() was not called before program exit, which can leak resources. For more info, please see https://pytorch.org/docs/stable/distributed.html#shutdown (function operator())
E0513 11:19:32.321000 518 site-packages/torch/distributed/elastic/multiprocessing/api.py:984] failed (exitcode: 1) local_rank: 0 (pid: 530) of binary: /maduo/miniconda3/envs/wesep_py310_cu126/bin/python3.10
Traceback (most recent call last):
  File "/maduo/miniconda3/envs/wesep_py310_cu126/bin/torchrun", line 6, in <module>
    sys.exit(main())
  File "/maduo/miniconda3/envs/wesep_py310_cu126/lib/python3.10/site-packages/torch/distributed/elastic/multiprocessing/errors/__init__.py", line 362, in wrapper
    return f(*args, **kwargs)
  File "/maduo/miniconda3/envs/wesep_py310_cu126/lib/python3.10/site-packages/torch/distributed/run.py", line 991, in main
    run(args)
  File "/maduo/miniconda3/envs/wesep_py310_cu126/lib/python3.10/site-packages/torch/distributed/run.py", line 982, in run
    elastic_launch(
  File "/maduo/miniconda3/envs/wesep_py310_cu126/lib/python3.10/site-packages/torch/distributed/launcher/api.py", line 170, in __call__
    return launch_agent(self._config, self._entrypoint, list(args))
  File "/maduo/miniconda3/envs/wesep_py310_cu126/lib/python3.10/site-packages/torch/distributed/launcher/api.py", line 317, in launch_agent
    raise ChildFailedError(
torch.distributed.elastic.multiprocessing.errors.ChildFailedError: 
============================================================
wesep/bin/train.py FAILED
------------------------------------------------------------
Failures:
  <NO_OTHER_FAILURES>
------------------------------------------------------------
Root Cause (first observed failure):
[0]:
  time      : 2026-05-13_11:19:32
  host      : cfgm4h4dm0gcf-0
  rank      : 0 (local_rank: 0)
  exitcode  : 1 (pid: 530)
  error_file: <N/A>
  traceback : To enable traceback see: https://pytorch.org/docs/stable/elastic/errors.html
============================================================
